Archive member included to satisfy reference by file (symbol)

C:/ST/STM32CubeIDE_1.16.1/STM32CubeIDE/plugins/com.st.stm32cube.ide.mcu.externaltools.gnu-tools-for-stm32.12.3.rel1.win32_1.0.200.202406191623/tools/bin/../lib/gcc/arm-none-eabi/12.3.1/../../../../arm-none-eabi/lib/thumb/v7e-m+fp/hard\libc_nano.a(libc_a-exit.o)
                              C:/ST/STM32CubeIDE_1.16.1/STM32CubeIDE/plugins/com.st.stm32cube.ide.mcu.externaltools.gnu-tools-for-stm32.12.3.rel1.win32_1.0.200.202406191623/tools/bin/../lib/gcc/arm-none-eabi/12.3.1/../../../../arm-none-eabi/lib/thumb/v7e-m+fp/hard/crt0.o (exit)
C:/ST/STM32CubeIDE_1.16.1/STM32CubeIDE/plugins/com.st.stm32cube.ide.mcu.externaltools.gnu-tools-for-stm32.12.3.rel1.win32_1.0.200.202406191623/tools/bin/../lib/gcc/arm-none-eabi/12.3.1/../../../../arm-none-eabi/lib/thumb/v7e-m+fp/hard\libc_nano.a(libc_a-findfp.o)
                              C:/ST/STM32CubeIDE_1.16.1/STM32CubeIDE/plugins/com.st.stm32cube.ide.mcu.externaltools.gnu-tools-for-stm32.12.3.rel1.win32_1.0.200.202406191623/tools/bin/../lib/gcc/arm-none-eabi/12.3.1/../../../../arm-none-eabi/lib/thumb/v7e-m+fp/hard\libc_nano.a(libc_a-exit.o) (__stdio_exit_handler)
C:/ST/STM32CubeIDE_1.16.1/STM32CubeIDE/plugins/com.st.stm32cube.ide.mcu.externaltools.gnu-tools-for-stm32.12.3.rel1.win32_1.0.200.202406191623/tools/bin/../lib/gcc/arm-none-eabi/12.3.1/../../../../arm-none-eabi/lib/thumb/v7e-m+fp/hard\libc_nano.a(libc_a-fwalk.o)
                              C:/ST/STM32CubeIDE_1.16.1/STM32CubeIDE/plugins/com.st.stm32cube.ide.mcu.externaltools.gnu-tools-for-stm32.12.3.rel1.win32_1.0.200.202406191623/tools/bin/../lib/gcc/arm-none-eabi/12.3.1/../../../../arm-none-eabi/lib/thumb/v7e-m+fp/hard\libc_nano.a(libc_a-findfp.o) (_fwalk_sglue)
C:/ST/STM32CubeIDE_1.16.1/STM32CubeIDE/plugins/com.st.stm32cube.ide.mcu.externaltools.gnu-tools-for-stm32.12.3.rel1.win32_1.0.200.202406191623/tools/bin/../lib/gcc/arm-none-eabi/12.3.1/../../../../arm-none-eabi/lib/thumb/v7e-m+fp/hard\libc_nano.a(libc_a-printf.o)
                              ./Core/Src/main.o (printf)
C:/ST/STM32CubeIDE_1.16.1/STM32CubeIDE/plugins/com.st.stm32cube.ide.mcu.externaltools.gnu-tools-for-stm32.12.3.rel1.win32_1.0.200.202406191623/tools/bin/../lib/gcc/arm-none-eabi/12.3.1/../../../../arm-none-eabi/lib/thumb/v7e-m+fp/hard\libc_nano.a(libc_a-stdio.o)
                              C:/ST/STM32CubeIDE_1.16.1/STM32CubeIDE/plugins/com.st.stm32cube.ide.mcu.externaltools.gnu-tools-for-stm32.12.3.rel1.win32_1.0.200.202406191623/tools/bin/../lib/gcc/arm-none-eabi/12.3.1/../../../../arm-none-eabi/lib/thumb/v7e-m+fp/hard\libc_nano.a(libc_a-findfp.o) (__sread)
C:/ST/STM32CubeIDE_1.16.1/STM32CubeIDE/plugins/com.st.stm32cube.ide.mcu.externaltools.gnu-tools-for-stm32.12.3.rel1.win32_1.0.200.202406191623/tools/bin/../lib/gcc/arm-none-eabi/12.3.1/../../../../arm-none-eabi/lib/thumb/v7e-m+fp/hard\libc_nano.a(libc_a-memset.o)
                              C:/ST/STM32CubeIDE_1.16.1/STM32CubeIDE/plugins/com.st.stm32cube.ide.mcu.externaltools.gnu-tools-for-stm32.12.3.rel1.win32_1.0.200.202406191623/tools/bin/../lib/gcc/arm-none-eabi/12.3.1/../../../../arm-none-eabi/lib/thumb/v7e-m+fp/hard/crt0.o (memset)
C:/ST/STM32CubeIDE_1.16.1/STM32CubeIDE/plugins/com.st.stm32cube.ide.mcu.externaltools.gnu-tools-for-stm32.12.3.rel1.win32_1.0.200.202406191623/tools/bin/../lib/gcc/arm-none-eabi/12.3.1/../../../../arm-none-eabi/lib/thumb/v7e-m+fp/hard\libc_nano.a(libc_a-closer.o)
                              C:/ST/STM32CubeIDE_1.16.1/STM32CubeIDE/plugins/com.st.stm32cube.ide.mcu.externaltools.gnu-tools-for-stm32.12.3.rel1.win32_1.0.200.202406191623/tools/bin/../lib/gcc/arm-none-eabi/12.3.1/../../../../arm-none-eabi/lib/thumb/v7e-m+fp/hard\libc_nano.a(libc_a-stdio.o) (_close_r)
C:/ST/STM32CubeIDE_1.16.1/STM32CubeIDE/plugins/com.st.stm32cube.ide.mcu.externaltools.gnu-tools-for-stm32.12.3.rel1.win32_1.0.200.202406191623/tools/bin/../lib/gcc/arm-none-eabi/12.3.1/../../../../arm-none-eabi/lib/thumb/v7e-m+fp/hard\libc_nano.a(libc_a-reent.o)
                              C:/ST/STM32CubeIDE_1.16.1/STM32CubeIDE/plugins/com.st.stm32cube.ide.mcu.externaltools.gnu-tools-for-stm32.12.3.rel1.win32_1.0.200.202406191623/tools/bin/../lib/gcc/arm-none-eabi/12.3.1/../../../../arm-none-eabi/lib/thumb/v7e-m+fp/hard\libc_nano.a(libc_a-closer.o) (errno)
C:/ST/STM32CubeIDE_1.16.1/STM32CubeIDE/plugins/com.st.stm32cube.ide.mcu.externaltools.gnu-tools-for-stm32.12.3.rel1.win32_1.0.200.202406191623/tools/bin/../lib/gcc/arm-none-eabi/12.3.1/../../../../arm-none-eabi/lib/thumb/v7e-m+fp/hard\libc_nano.a(libc_a-impure.o)
                              C:/ST/STM32CubeIDE_1.16.1/STM32CubeIDE/plugins/com.st.stm32cube.ide.mcu.externaltools.gnu-tools-for-stm32.12.3.rel1.win32_1.0.200.202406191623/tools/bin/../lib/gcc/arm-none-eabi/12.3.1/../../../../arm-none-eabi/lib/thumb/v7e-m+fp/hard\libc_nano.a(libc_a-printf.o) (_impure_ptr)
[...]
Memory Configuration

Name             Origin             Length             Attributes
RAM              0x20000000         0x00018000         xrw
RAM2             0x10000000         0x00008000         xrw
FLASH            0x08000000         0x00100000         xr
*default*        0x00000000         0xffffffff

Linker script and memory map

LOAD C:/ST/STM32CubeIDE_1.16.1/STM32CubeIDE/plugins/com.st.stm32cube.ide.mcu.externaltools.gnu-tools-for-stm32.12.3.rel1.win32_1.0.200.202406191623/tools/bin/../lib/gcc/arm-none-eabi/12.3.1/thumb/v7e-m+fp/hard/crti.o
LOAD C:/ST/STM32CubeIDE_1.16.1/STM32CubeIDE/plugins/com.st.stm32cube.ide.mcu.externaltools.gnu-tools-for-stm32.12.3.rel1.win32_1.0.200.202406191623/tools/bin/../lib/gcc/arm-none-eabi/12.3.1/thumb/v7e-m+fp/hard/crtbegin.o
LOAD C:/ST/STM32CubeIDE_1.16.1/STM32CubeIDE/plugins/com.st.stm32cube.ide.mcu.externaltools.gnu-tools-for-stm32.12.3.rel1.win32_1.0.200.202406191623/tools/bin/../lib/gcc/arm-none-eabi/12.3.1/../../../../arm-none-eabi/lib/thumb/v7e-m+fp/hard/crt0.o
LOAD ./Core/Src/main.o
LOAD ./Core/Src/stm32l4xx_hal_msp.o
LOAD ./Core/Src/stm32l4xx_it.o
LOAD ./Core/Src/syscalls.o
LOAD ./Core/Src/sysmem.o
LOAD ./Core/Src/system_stm32l4xx.o
LOAD ./Core/Startup/startup_stm32l475vgtx.o
LOAD ./Drivers/BSP/B-L475E-IOT01A2/b_l475e_iot01a2_bus.o
LOAD ./Drivers/BSP/Components/hts221/hts221.o
LOAD ./Drivers/BSP/Components/hts221/hts221_reg.o
LOAD ./Drivers/STM32L4xx_HAL_Driver/Src/stm32l4xx_hal.o
LOAD ./Drivers/STM32L4xx_HAL_Driver/Src/stm32l4xx_hal_cortex.o
LOAD ./Drivers/STM32L4xx_HAL_Driver/Src/stm32l4xx_hal_dma.o
LOAD ./Drivers/STM32L4xx_HAL_Driver/Src/stm32l4xx_hal_dma_ex.o
LOAD ./Drivers/STM32L4xx_HAL_Driver/Src/stm32l4xx_hal_exti.o
LOAD ./Drivers/STM32L4xx_HAL_Driver/Src/stm32l4xx_hal_flash.o
LOAD ./Drivers/STM32L4xx_HAL_Driver/Src/stm32l4xx_hal_flash_ex.o
LOAD ./Drivers/STM32L4xx_HAL_Driver/Src/stm32l4xx_hal_flash_ramfunc.o
LOAD ./Drivers/STM32L4xx_HAL_Driver/Src/stm32l4xx_hal_gpio.o
LOAD ./Drivers/STM32L4xx_HAL_Driver/Src/stm32l4xx_hal_i2c.o
LOAD ./Drivers/STM32L4xx_HAL_Driver/Src/stm32l4xx_hal_i2c_ex.o
LOAD ./Drivers/STM32L4xx_HAL_Driver/Src/stm32l4xx_hal_pwr.o
LOAD ./Drivers/STM32L4xx_HAL_Driver/Src/stm32l4xx_hal_pwr_ex.o
LOAD ./Drivers/STM32L4xx_HAL_Driver/Src/stm32l4xx_hal_rcc.o
LOAD ./Drivers/STM32L4xx_HAL_Driver/Src/stm32l4xx_hal_rcc_ex.o
LOAD ./Drivers/STM32L4xx_HAL_Driver/Src/stm32l4xx_hal_tim.o
LOAD ./Drivers/STM32L4xx_HAL_Driver/Src/stm32l4xx_hal_tim_ex.o
LOAD ./Drivers/STM32L4xx_HAL_Driver/Src/stm32l4xx_hal_uart.o
LOAD ./Drivers/STM32L4xx_HAL_Driver/Src/stm32l4xx_hal_uart_ex.o
START GROUP
LOAD C:/ST/STM32CubeIDE_1.16.1/STM32CubeIDE/plugins/com.st.stm32cube.ide.mcu.externaltools.gnu-tools-for-stm32.12.3.rel1.win32_1.0.200.202406191623/tools/bin/../lib/gcc/arm-none-eabi/12.3.1/../../../../arm-none-eabi/lib/thumb/v7e-m+fp/hard\libc_nano.a
LOAD C:/ST/STM32CubeIDE_1.16.1/STM32CubeIDE/plugins/com.st.stm32cube.ide.mcu.externaltools.gnu-tools-for-stm32.12.3.rel1.win32_1.0.200.202406191623/tools/bin/../lib/gcc/arm-none-eabi/12.3.1/../../../../arm-none-eabi/lib/thumb/v7e-m+fp/hard\libm.a
END GROUP
START GROUP
LOAD C:/ST/STM32CubeIDE_1.16.1/STM32CubeIDE/plugins/com.st.stm32cube.ide.mcu.externaltools.gnu-tools-for-stm32.12.3.rel1.win32_1.0.200.202406191623/tools/bin/../lib/gcc/arm-none-eabi/12.3.1/thumb/v7e-m+fp/hard\libgcc.a
LOAD C:/ST/STM32CubeIDE_1.16.1/STM32CubeIDE/plugins/com.st.stm32cube.ide.mcu.externaltools.gnu-tools-for-stm32.12.3.rel1.win32_1.0.200.202406191623/tools/bin/../lib/gcc/arm-none-eabi/12.3.1/../../../../arm-none-eabi/lib/thumb/v7e-m+fp/hard\libc_nano.a
END GROUP
START GROUP
LOAD C:/ST/STM32CubeIDE_1.16.1/STM32CubeIDE/plugins/com.st.stm32cube.ide.mcu.externaltools.gnu-tools-for-stm32.12.3.rel1.win32_1.0.200.202406191623/tools/bin/../lib/gcc/arm-none-eabi/12.3.1/thumb/v7e-m+fp/hard\libgcc.a
LOAD C:/ST/STM32CubeIDE_1.16.1/STM32CubeIDE/plugins/com.st.stm32cube.ide.mcu.externaltools.gnu-tools-for-stm32.12.3.rel1.win32_1.0.200.202406191623/tools/bin/../lib/gcc/arm-none-eabi/12.3.1/../../../../arm-none-eabi/lib/thumb/v7e-m+fp/hard\libc_nano.a
LOAD C:/ST/STM32CubeIDE_1.16.1/STM32CubeIDE/plugins/com.st.stm32cube.ide.mcu.externaltools.gnu-tools-for-stm32.12.3.rel1.win32_1.0.200.202406191623/tools/bin/../lib/gcc/arm-none-eabi/12.3.1/../../../../arm-none-eabi/lib/thumb/v7e-m+fp/hard\libnosys.a
END GROUP
START GROUP
LOAD C:/ST/STM32CubeIDE_1.16.1/STM32CubeIDE/plugins/com.st.stm32cube.ide.mcu.externaltools.gnu-tools-for-stm32.12.3.rel1.win32_1.0.200.202406191623/tools/bin/../lib/gcc/arm-none-eabi/12.3.1/thumb/v7e-m+fp/hard\libgcc.a
LOAD C:/ST/STM32CubeIDE_1.16.1/STM32CubeIDE/plugins/com.st.stm32cube.ide.mcu.externaltools.gnu-tools-for-stm32.12.3.rel1.win32_1.0.200.202406191623/tools/bin/../lib/gcc/arm-none-eabi/12.3.1/../../../../arm-none-eabi/lib/thumb/v7e-m+fp/hard\libc_nano.a
LOAD C:/ST/STM32CubeIDE_1.16.1/STM32CubeIDE/plugins/com.st.stm32cube.ide.mcu.externaltools.gnu-tools-for-stm32.12.3.rel1.win32_1.0.200.202406191623/tools/bin/../lib/gcc/arm-none-eabi/12.3.1/../../../../arm-none-eabi/lib/thumb/v7e-m+fp/hard\libnosys.a
END GROUP
LOAD C:/ST/STM32CubeIDE_1.16.1/STM32CubeIDE/plugins/com.st.stm32cube.ide.mcu.externaltools.gnu-tools-for-stm32.12.3.rel1.win32_1.0.200.202406191623/tools/bin/../lib/gcc/arm-none-eabi/12.3.1/thumb/v7e-m+fp/hard/crtend.o
LOAD C:/ST/STM32CubeIDE_1.16.1/STM32CubeIDE/plugins/com.st.stm32cube.ide.mcu.externaltools.gnu-tools-for-stm32.12.3.rel1.win32_1.0.200.202406191623/tools/bin/../lib/gcc/arm-none-eabi/12.3.1/thumb/v7e-m+fp/hard/crtn.o
                0x20018000                        _estack = (ORIGIN (RAM) + LENGTH (RAM))
                0x00000200                        _Min_Heap_Size = 0x200
                0x00000400                        _Min_Stack_Size = 0x400

.isr_vector     0x08000000      0x188
                0x08000000                        . = ALIGN (0x4)
 *(.isr_vector)
 .isr_vector    0x08000000      0x188 ./Core/Startup/startup_stm32l475vgtx.o
                0x08000000                g_pfnVectors
                0x08000188                        . = ALIGN (0x4)

.text           0x08000190     0x5da0
                0x08000190                        . = ALIGN (0x4)
 *(.text)
 .text          0x08000190       0x40 C:/ST/STM32CubeIDE_1.16.1/STM32CubeIDE/plugins/com.st.stm32cube.ide.mcu.externaltools.gnu-tools-for-stm32.12.3.rel1.win32_1.0.200.202406191623/tools/bin/../lib/gcc/arm-none-eabi/12.3.1/thumb/v7e-m+fp/hard/crtbegin.o
 .text          0x080001d0       0xa0 C:/ST/STM32CubeIDE_1.16.1/STM32CubeIDE/plugins/com.st.stm32cube.ide.mcu.externaltools.gnu-tools-for-stm32.12.3.rel1.win32_1.0.200.202406191623/tools/bin/../lib/gcc/arm-none-eabi/12.3.1/../../../../arm-none-eabi/lib/thumb/v7e-m+fp/hard\libc_nano.a(libc_a-memchr.o)
                0x080001d0                memchr
 .text          0x08000270       0x30 C:/ST/STM32CubeIDE_1.16.1/STM32CubeIDE/plugins/com.st.stm32cube.ide.mcu.externaltools.gnu-tools-for-stm32.12.3.rel1.win32_1.0.200.202406191623/tools/bin/../lib/gcc/arm-none-eabi/12.3.1/thumb/v7e-m+fp/hard\libgcc.a(_aeabi_uldivmod.o)
                0x08000270                __aeabi_uldivmod
 .text          0x080002a0      0x2bc C:/ST/STM32CubeIDE_1.16.1/STM32CubeIDE/plugins/com.st.stm32cube.ide.mcu.externaltools.gnu-tools-for-stm32.12.3.rel1.win32_1.0.200.202406191623/tools/bin/../lib/gcc/arm-none-eabi/12.3.1/thumb/v7e-m+fp/hard\libgcc.a(_udivmoddi4.o)
                0x080002a0                __udivmoddi4
 .text          0x0800055c        0x4 C:/ST/STM32CubeIDE_1.16.1/STM32CubeIDE/plugins/com.st.stm32cube.ide.mcu.externaltools.gnu-tools-for-stm32.12.3.rel1.win32_1.0.200.202406191623/tools/bin/../lib/gcc/arm-none-eabi/12.3.1/thumb/v7e-m+fp/hard\libgcc.a(_dvmd_tls.o)
                0x0800055c                __aeabi_idiv0
                0x0800055c                __aeabi_ldiv0
 *(.text*)
 .text.main     0x08000560       0x64 ./Core/Src/main.o
                0x08000560                main
 .text.SystemClock_Config
                0x080005c4       0xa4 ./Core/Src/main.o
                0x080005c4                SystemClock_Config
 .text.MX_USART1_UART_Init
                0x08000668       0x60 ./Core/Src/main.o
 .text.MX_GPIO_Init
                0x080006c8      0x108 ./Core/Src/main.o
 .text.MEMS_Init
                0x080007d0       0x90 ./Core/Src/main.o
 .text._write   0x08000860       0x2c ./Core/Src/main.o
                0x08000860                _write
 .text.Error_Handler
                0x0800088c        0xc ./Core/Src/main.o
                0x0800088c                Error_Handler
 .text.HAL_MspInit
                0x08000898       0x48 ./Core/Src/stm32l4xx_hal_msp.o
                0x08000898                HAL_MspInit
 .text.HAL_UART_MspInit
                0x080008e0       0xbc ./Core/Src/stm32l4xx_hal_msp.o
                0x080008e0                HAL_UART_MspInit
 .text.NMI_Handler
                0x0800099c        0x8 ./Core/Src/stm32l4xx_it.o
                0x0800099c                NMI_Handler
 .text.HardFault_Handler
                0x080009a4        0x8 ./Core/Src/stm32l4xx_it.o
                0x080009a4                HardFault_Handler
 .text.MemManage_Handler
                0x080009ac        0x8 ./Core/Src/stm32l4xx_it.o
                0x080009ac                MemManage_Handler
 .text.BusFault_Handler
                0x080009b4        0x8 ./Core/Src/stm32l4xx_it.o
                0x080009b4                BusFault_Handler
 .text.UsageFault_Handler
                0x080009bc        0x8 ./Core/Src/stm32l4xx_it.o
                0x080009bc                UsageFault_Handler
 .text.SVC_Handler
                0x080009c4        0xe ./Core/Src/stm32l4xx_it.o
                0x080009c4                SVC_Handler
 .text.DebugMon_Handler
                0x080009d2        0xe ./Core/Src/stm32l4xx_it.o
                0x080009d2                DebugMon_Handler
 .text.PendSV_Handler
                0x080009e0        0xe ./Core/Src/stm32l4xx_it.o
                0x080009e0                PendSV_Handler
 .text.SysTick_Handler
                0x080009ee        0xc ./Core/Src/stm32l4xx_it.o
                0x080009ee                SysTick_Handler
 .text.EXTI15_10_IRQHandler
                0x080009fa       0x10 ./Core/Src/stm32l4xx_it.o
                0x080009fa                EXTI15_10_IRQHandler
 .text._read    0x08000a0a       0x3a ./Core/Src/syscalls.o
                0x08000a0a                _read
 .text._close   0x08000a44       0x18 ./Core/Src/syscalls.o
                0x08000a44                _close
 .text._fstat   0x08000a5c       0x20 ./Core/Src/syscalls.o
                0x08000a5c                _fstat
 .text._isatty  0x08000a7c       0x16 ./Core/Src/syscalls.o
                0x08000a7c                _isatty
 .text._lseek   0x08000a92       0x1a ./Core/Src/syscalls.o
                0x08000a92                _lseek
 .text._sbrk    0x08000aac       0x6c ./Core/Src/sysmem.o
                0x08000aac                _sbrk
 .text.SystemInit
                0x08000b18       0x24 ./Core/Src/system_stm32l4xx.o
                0x08000b18                SystemInit
 .text.Reset_Handler
                0x08000b3c       0x50 ./Core/Startup/startup_stm32l475vgtx.o
                0x08000b3c                Reset_Handler
 .text.Default_Handler
                0x08000b8c        0x2 ./Core/Startup/startup_stm32l475vgtx.o
                0x08000b8c                RTC_Alarm_IRQHandler
                0x08000b8c                EXTI2_IRQHandler
                0x08000b8c                TIM8_TRG_COM_IRQHandler
                0x08000b8c                TIM8_CC_IRQHandler
                0x08000b8c                TIM1_CC_IRQHandler
                0x08000b8c                TSC_IRQHandler
                0x08000b8c                TAMP_STAMP_IRQHandler
                0x08000b8c                EXTI3_IRQHandler
                0x08000b8c                LPTIM2_IRQHandler
                0x08000b8c                DFSDM1_FLT1_IRQHandler
                0x08000b8c                I2C3_ER_IRQHandler
                0x08000b8c                DFSDM1_FLT2_IRQHandler
                0x08000b8c                EXTI0_IRQHandler
                0x08000b8c                I2C2_EV_IRQHandler
                0x08000b8c                CAN1_RX0_IRQHandler
                0x08000b8c                FPU_IRQHandler
                0x08000b8c                TIM1_UP_TIM16_IRQHandler
                0x08000b8c                ADC1_2_IRQHandler
                0x08000b8c                SPI1_IRQHandler
                0x08000b8c                TIM6_DAC_IRQHandler
                0x08000b8c                TIM8_UP_IRQHandler
                0x08000b8c                DMA2_Channel2_IRQHandler
                0x08000b8c                DMA1_Channel4_IRQHandler
                0x08000b8c                SAI2_IRQHandler
                0x08000b8c                DFSDM1_FLT3_IRQHandler
                0x08000b8c                USART3_IRQHandler
                0x08000b8c                DMA1_Channel7_IRQHandler
                0x08000b8c                CAN1_RX1_IRQHandler
                0x08000b8c                UART5_IRQHandler
                0x08000b8c                ADC3_IRQHandler
                0x08000b8c                TIM4_IRQHandler
                0x08000b8c                DMA2_Channel1_IRQHandler
                0x08000b8c                QUADSPI_IRQHandler
                0x08000b8c                I2C1_EV_IRQHandler
                0x08000b8c                DMA1_Channel6_IRQHandler
                0x08000b8c                UART4_IRQHandler
                0x08000b8c                DMA2_Channel4_IRQHandler
                0x08000b8c                TIM3_IRQHandler
                0x08000b8c                RCC_IRQHandler
                0x08000b8c                DMA1_Channel1_IRQHandler
                0x08000b8c                Default_Handler
                0x08000b8c                DMA2_Channel7_IRQHandler
                0x08000b8c                TIM7_IRQHandler
                0x08000b8c                SDMMC1_IRQHandler
                0x08000b8c                TIM5_IRQHandler
                0x08000b8c                I2C3_EV_IRQHandler
                0x08000b8c                EXTI9_5_IRQHandler
                0x08000b8c                RTC_WKUP_IRQHandler
                0x08000b8c                PVD_PVM_IRQHandler
                0x08000b8c                SPI2_IRQHandler
                0x08000b8c                CAN1_TX_IRQHandler
                0x08000b8c                DMA2_Channel5_IRQHandler
                0x08000b8c                DMA1_Channel5_IRQHandler
                0x08000b8c                EXTI4_IRQHandler
                0x08000b8c                RNG_IRQHandler
                0x08000b8c                TIM1_TRG_COM_TIM17_IRQHandler
                0x08000b8c                DMA1_Channel3_IRQHandler
                0x08000b8c                COMP_IRQHandler
                0x08000b8c                WWDG_IRQHandler
                0x08000b8c                LPUART1_IRQHandler
                0x08000b8c                DMA2_Channel6_IRQHandler
                0x08000b8c                TIM2_IRQHandler
                0x08000b8c                EXTI1_IRQHandler
                0x08000b8c                USART2_IRQHandler
                0x08000b8c                DFSDM1_FLT0_IRQHandler
                0x08000b8c                I2C2_ER_IRQHandler
                0x08000b8c                DMA1_Channel2_IRQHandler
                0x08000b8c                TIM8_BRK_IRQHandler
                0x08000b8c                CAN1_SCE_IRQHandler
                0x08000b8c                FLASH_IRQHandler
                0x08000b8c                USART1_IRQHandler
                0x08000b8c                OTG_FS_IRQHandler
                0x08000b8c                SPI3_IRQHandler
                0x08000b8c                I2C1_ER_IRQHandler
                0x08000b8c                FMC_IRQHandler
                0x08000b8c                SWPMI1_IRQHandler
                0x08000b8c                LPTIM1_IRQHandler
                0x08000b8c                SAI1_IRQHandler
                0x08000b8c                DMA2_Channel3_IRQHandler
                0x08000b8c                TIM1_BRK_TIM15_IRQHandler
 *fill*         0x08000b8e        0x2 
 .text.BSP_I2C2_Init
                0x08000b90       0x7c ./Drivers/BSP/B-L475E-IOT01A2/b_l475e_iot01a2_bus.o
                0x08000b90                BSP_I2C2_Init
 .text.BSP_I2C2_DeInit
                0x08000c0c       0x50 ./Drivers/BSP/B-L475E-IOT01A2/b_l475e_iot01a2_bus.o
                0x08000c0c                BSP_I2C2_DeInit
 .text.BSP_I2C2_WriteReg
                0x08000c5c       0x64 ./Drivers/BSP/B-L475E-IOT01A2/b_l475e_iot01a2_bus.o
                0x08000c5c                BSP_I2C2_WriteReg
 .text.BSP_I2C2_ReadReg
                0x08000cc0       0x64 ./Drivers/BSP/B-L475E-IOT01A2/b_l475e_iot01a2_bus.o
                0x08000cc0                BSP_I2C2_ReadReg
 .text.BSP_GetTick
                0x08000d24        0xe ./Drivers/BSP/B-L475E-IOT01A2/b_l475e_iot01a2_bus.o
                0x08000d24                BSP_GetTick
 *fill*         0x08000d32        0x2 
 .text.MX_I2C2_Init
                0x08000d34       0x88 ./Drivers/BSP/B-L475E-IOT01A2/b_l475e_iot01a2_bus.o
                0x08000d34                MX_I2C2_Init
 .text.I2C2_MspInit
                0x08000dbc       0xc0 ./Drivers/BSP/B-L475E-IOT01A2/b_l475e_iot01a2_bus.o
 .text.I2C2_MspDeInit
                0x08000e7c       0x38 ./Drivers/BSP/B-L475E-IOT01A2/b_l475e_iot01a2_bus.o
 .text.HTS221_RegisterBusIO
                0x08000eb4       0x94 ./Drivers/BSP/Components/hts221/hts221.o
                0x08000eb4                HTS221_RegisterBusIO
 .text.HTS221_Init
                0x08000f48       0x36 ./Drivers/BSP/Components/hts221/hts221.o
                0x08000f48                HTS221_Init
 .text.HTS221_ReadID
                0x08000f7e       0x2c ./Drivers/BSP/Components/hts221/hts221.o
                0x08000f7e                HTS221_ReadID
 .text.HTS221_HUM_Enable
                0x08000faa       0x4a ./Drivers/BSP/Components/hts221/hts221.o
                0x08000faa                HTS221_HUM_Enable
 .text.HTS221_HUM_SetOutputDataRate
                0x08000ff4       0x20 ./Drivers/BSP/Components/hts221/hts221.o
                0x08000ff4                HTS221_HUM_SetOutputDataRate
 .text.HTS221_HUM_GetHumidity
                0x08001014      0x110 ./Drivers/BSP/Components/hts221/hts221.o
                0x08001014                HTS221_HUM_GetHumidity
 .text.HTS221_TEMP_Enable
                0x08001124       0x4a ./Drivers/BSP/Components/hts221/hts221.o
                0x08001124                HTS221_TEMP_Enable
 .text.HTS221_TEMP_SetOutputDataRate
                0x0800116e       0x20 ./Drivers/BSP/Components/hts221/hts221.o
                0x0800116e                HTS221_TEMP_SetOutputDataRate
 .text.HTS221_TEMP_GetTemperature
                0x0800118e       0xd4 ./Drivers/BSP/Components/hts221/hts221.o
                0x0800118e                HTS221_TEMP_GetTemperature
 .text.HTS221_SetOutputDataRate
                0x08001262       0x60 ./Drivers/BSP/Components/hts221/hts221.o
 .text.HTS221_Initialize
                0x080012c2       0x58 ./Drivers/BSP/Components/hts221/hts221.o
 .text.HTS221_Enable_DRDY_Interrupt
                0x0800131a       0x2a ./Drivers/BSP/Components/hts221/hts221.o
                0x0800131a                HTS221_Enable_DRDY_Interrupt
 .text.Linear_Interpolation
                0x08001344       0x72 ./Drivers/BSP/Components/hts221/hts221.o
 .text.ReadRegWrap
                0x080013b6       0x62 ./Drivers/BSP/Components/hts221/hts221.o
 .text.WriteRegWrap
                0x08001418       0x62 ./Drivers/BSP/Components/hts221/hts221.o
 .text.hts221_read_reg
                0x0800147a       0x3c ./Drivers/BSP/Components/hts221/hts221_reg.o
                0x0800147a                hts221_read_reg
 .text.hts221_write_reg
                0x080014b6       0x3c ./Drivers/BSP/Components/hts221/hts221_reg.o
                0x080014b6                hts221_write_reg
 .text.hts221_data_rate_set
                0x080014f2       0x4c ./Drivers/BSP/Components/hts221/hts221_reg.o
                0x080014f2                hts221_data_rate_set
 .text.hts221_block_data_update_set
                0x0800153e       0x4c ./Drivers/BSP/Components/hts221/hts221_reg.o
                0x0800153e                hts221_block_data_update_set
 .text.hts221_humidity_raw_get
                0x0800158a       0x44 ./Drivers/BSP/Components/hts221/hts221_reg.o
                0x0800158a                hts221_humidity_raw_get
 .text.hts221_temperature_raw_get
                0x080015ce       0x44 ./Drivers/BSP/Components/hts221/hts221_reg.o
                0x080015ce                hts221_temperature_raw_get
 .text.hts221_device_id_get
                0x08001612       0x22 ./Drivers/BSP/Components/hts221/hts221_reg.o
                0x08001612                hts221_device_id_get
 .text.hts221_power_on_set
                0x08001634       0x4c ./Drivers/BSP/Components/hts221/hts221_reg.o
                0x08001634                hts221_power_on_set
 .text.hts221_drdy_on_int_set
                0x08001680       0x4c ./Drivers/BSP/Components/hts221/hts221_reg.o
                0x08001680                hts221_drdy_on_int_set
 .text.hts221_hum_rh_point_0_get
                0x080016cc       0x3c ./Drivers/BSP/Components/hts221/hts221_reg.o
                0x080016cc                hts221_hum_rh_point_0_get
 .text.hts221_hum_rh_point_1_get
                0x08001708       0x3c ./Drivers/BSP/Components/hts221/hts221_reg.o
                0x08001708                hts221_hum_rh_point_1_get
 .text.hts221_temp_deg_point_0_get
                0x08001744       0x62 ./Drivers/BSP/Components/hts221/hts221_reg.o
                0x08001744                hts221_temp_deg_point_0_get
 .text.hts221_temp_deg_point_1_get
                0x080017a6       0x62 ./Drivers/BSP/Components/hts221/hts221_reg.o
                0x080017a6                hts221_temp_deg_point_1_get
 .text.hts221_hum_adc_point_0_get
                0x08001808       0x44 ./Drivers/BSP/Components/hts221/hts221_reg.o
                0x08001808                hts221_hum_adc_point_0_get
 .text.hts221_hum_adc_point_1_get
                0x0800184c       0x44 ./Drivers/BSP/Components/hts221/hts221_reg.o
                0x0800184c                hts221_hum_adc_point_1_get
 .text.hts221_temp_adc_point_0_get
                0x08001890       0x44 ./Drivers/BSP/Components/hts221/hts221_reg.o
                0x08001890                hts221_temp_adc_point_0_get
 .text.hts221_temp_adc_point_1_get
                0x080018d4       0x44 ./Drivers/BSP/Components/hts221/hts221_reg.o
                0x080018d4                hts221_temp_adc_point_1_get
 .text.HAL_Init
                0x08001918       0x30 ./Drivers/STM32L4xx_HAL_Driver/Src/stm32l4xx_hal.o
                0x08001918                HAL_Init
 .text.HAL_InitTick
                0x08001948       0x78 ./Drivers/STM32L4xx_HAL_Driver/Src/stm32l4xx_hal.o
                0x08001948                HAL_InitTick
 .text.HAL_IncTick
                0x080019c0       0x28 ./Drivers/STM32L4xx_HAL_Driver/Src/stm32l4xx_hal.o
                0x080019c0                HAL_IncTick
 .text.HAL_GetTick
                0x080019e8       0x18 ./Drivers/STM32L4xx_HAL_Driver/Src/stm32l4xx_hal.o
                0x080019e8                HAL_GetTick
 .text.HAL_Delay
                0x08001a00       0x48 ./Drivers/STM32L4xx_HAL_Driver/Src/stm32l4xx_hal.o
                0x08001a00                HAL_Delay
 .text.__NVIC_SetPriorityGrouping
                0x08001a48       0x48 ./Drivers/STM32L4xx_HAL_Driver/Src/stm32l4xx_hal_cortex.o
 .text.__NVIC_GetPriorityGrouping
                0x08001a90       0x1c ./Drivers/STM32L4xx_HAL_Driver/Src/stm32l4xx_hal_cortex.o
 .text.__NVIC_EnableIRQ
                0x08001aac       0x3c ./Drivers/STM32L4xx_HAL_Driver/Src/stm32l4xx_hal_cortex.o
 .text.__NVIC_SetPriority
                0x08001ae8       0x54 ./Drivers/STM32L4xx_HAL_Driver/Src/stm32l4xx_hal_cortex.o
 .text.NVIC_EncodePriority
                0x08001b3c       0x66 ./Drivers/STM32L4xx_HAL_Driver/Src/stm32l4xx_hal_cortex.o
 *fill*         0x08001ba2        0x2 
 .text.SysTick_Config
                0x08001ba4       0x44 ./Drivers/STM32L4xx_HAL_Driver/Src/stm32l4xx_hal_cortex.o
 .text.HAL_NVIC_SetPriorityGrouping
                0x08001be8       0x16 ./Drivers/STM32L4xx_HAL_Driver/Src/stm32l4xx_hal_cortex.o
                0x08001be8                HAL_NVIC_SetPriorityGrouping
 .text.HAL_NVIC_SetPriority
                0x08001bfe       0x38 ./Drivers/STM32L4xx_HAL_Driver/Src/stm32l4xx_hal_cortex.o
                0x08001bfe                HAL_NVIC_SetPriority
 .text.HAL_NVIC_EnableIRQ
                0x08001c36       0x1c ./Drivers/STM32L4xx_HAL_Driver/Src/stm32l4xx_hal_cortex.o
                0x08001c36                HAL_NVIC_EnableIRQ
 .text.HAL_SYSTICK_Config
                0x08001c52       0x18 ./Drivers/STM32L4xx_HAL_Driver/Src/stm32l4xx_hal_cortex.o
                0x08001c52                HAL_SYSTICK_Config
 *fill*         0x08001c6a        0x2 
 .text.HAL_GPIO_Init
                0x08001c6c      0x354 ./Drivers/STM32L4xx_HAL_Driver/Src/stm32l4xx_hal_gpio.o
                0x08001c6c                HAL_GPIO_Init
 .text.HAL_GPIO_DeInit
                0x08001fc0      0x1e8 ./Drivers/STM32L4xx_HAL_Driver/Src/stm32l4xx_hal_gpio.o
                0x08001fc0                HAL_GPIO_DeInit
 .text.HAL_GPIO_WritePin
                0x080021a8       0x30 ./Drivers/STM32L4xx_HAL_Driver/Src/stm32l4xx_hal_gpio.o
                0x080021a8                HAL_GPIO_WritePin
 .text.HAL_GPIO_EXTI_IRQHandler
                0x080021d8       0x30 ./Drivers/STM32L4xx_HAL_Driver/Src/stm32l4xx_hal_gpio.o
                0x080021d8                HAL_GPIO_EXTI_IRQHandler
 .text.HAL_GPIO_EXTI_Callback
                0x08002208       0x16 ./Drivers/STM32L4xx_HAL_Driver/Src/stm32l4xx_hal_gpio.o
                0x08002208                HAL_GPIO_EXTI_Callback
 .text.HAL_I2C_Init
                0x0800221e      0x136 ./Drivers/STM32L4xx_HAL_Driver/Src/stm32l4xx_hal_i2c.o
                0x0800221e                HAL_I2C_Init
 .text.HAL_I2C_DeInit
                0x08002354       0x5e ./Drivers/STM32L4xx_HAL_Driver/Src/stm32l4xx_hal_i2c.o
                0x08002354                HAL_I2C_DeInit
 .text.HAL_I2C_MspInit
                0x080023b2       0x14 ./Drivers/STM32L4xx_HAL_Driver/Src/stm32l4xx_hal_i2c.o
                0x080023b2                HAL_I2C_MspInit
 .text.HAL_I2C_MspDeInit
                0x080023c6       0x14 ./Drivers/STM32L4xx_HAL_Driver/Src/stm32l4xx_hal_i2c.o
                0x080023c6                HAL_I2C_MspDeInit
 *fill*         0x080023da        0x2 
 .text.HAL_I2C_Mem_Write
                0x080023dc      0x228 ./Drivers/STM32L4xx_HAL_Driver/Src/stm32l4xx_hal_i2c.o
                0x080023dc                HAL_I2C_Mem_Write
 .text.HAL_I2C_Mem_Read
                0x08002604      0x234 ./Drivers/STM32L4xx_HAL_Driver/Src/stm32l4xx_hal_i2c.o
                0x08002604                HAL_I2C_Mem_Read
 .text.HAL_I2C_GetState
                0x08002838       0x1c ./Drivers/STM32L4xx_HAL_Driver/Src/stm32l4xx_hal_i2c.o
                0x08002838                HAL_I2C_GetState
 .text.HAL_I2C_GetError
                0x08002854       0x18 ./Drivers/STM32L4xx_HAL_Driver/Src/stm32l4xx_hal_i2c.o
                0x08002854                HAL_I2C_GetError
 .text.I2C_RequestMemoryWrite
                0x0800286c       0xa8 ./Drivers/STM32L4xx_HAL_Driver/Src/stm32l4xx_hal_i2c.o
 .text.I2C_RequestMemoryRead
                0x08002914       0xa8 ./Drivers/STM32L4xx_HAL_Driver/Src/stm32l4xx_hal_i2c.o
 .text.I2C_Flush_TXDR
                0x080029bc       0x48 ./Drivers/STM32L4xx_HAL_Driver/Src/stm32l4xx_hal_i2c.o
 .text.I2C_WaitOnFlagUntilTimeout
                0x08002a04       0xb2 ./Drivers/STM32L4xx_HAL_Driver/Src/stm32l4xx_hal_i2c.o
 .text.I2C_WaitOnTXISFlagUntilTimeout
                0x08002ab6       0x8e ./Drivers/STM32L4xx_HAL_Driver/Src/stm32l4xx_hal_i2c.o
 .text.I2C_WaitOnSTOPFlagUntilTimeout
                0x08002b44       0x86 ./Drivers/STM32L4xx_HAL_Driver/Src/stm32l4xx_hal_i2c.o
 *fill*         0x08002bca        0x2 
 .text.I2C_IsErrorOccurred
                0x08002bcc      0x1c0 ./Drivers/STM32L4xx_HAL_Driver/Src/stm32l4xx_hal_i2c.o
 .text.I2C_TransferConfig
                0x08002d8c       0x64 ./Drivers/STM32L4xx_HAL_Driver/Src/stm32l4xx_hal_i2c.o
 .text.HAL_I2CEx_ConfigAnalogFilter
                0x08002df0       0x96 ./Drivers/STM32L4xx_HAL_Driver/Src/stm32l4xx_hal_i2c_ex.o
                0x08002df0                HAL_I2CEx_ConfigAnalogFilter
 .text.HAL_I2CEx_ConfigDigitalFilter
                0x08002e86       0x98 ./Drivers/STM32L4xx_HAL_Driver/Src/stm32l4xx_hal_i2c_ex.o
                0x08002e86                HAL_I2CEx_ConfigDigitalFilter
 *fill*         0x08002f1e        0x2 
 .text.HAL_PWREx_GetVoltageRange
                0x08002f20       0x1c ./Drivers/STM32L4xx_HAL_Driver/Src/stm32l4xx_hal_pwr_ex.o
                0x08002f20                HAL_PWREx_GetVoltageRange
 .text.HAL_PWREx_ControlVoltageScaling
                0x08002f3c       0xac ./Drivers/STM32L4xx_HAL_Driver/Src/stm32l4xx_hal_pwr_ex.o
                0x08002f3c                HAL_PWREx_ControlVoltageScaling
 .text.HAL_RCC_OscConfig
                0x08002fe8      0x7b8 ./Drivers/STM32L4xx_HAL_Driver/Src/stm32l4xx_hal_rcc.o
                0x08002fe8                HAL_RCC_OscConfig
 .text.HAL_RCC_ClockConfig
                0x080037a0      0x200 ./Drivers/STM32L4xx_HAL_Driver/Src/stm32l4xx_hal_rcc.o
                0x080037a0                HAL_RCC_ClockConfig
 .text.HAL_RCC_GetSysClockFreq
                0x080039a0      0x118 ./Drivers/STM32L4xx_HAL_Driver/Src/stm32l4xx_hal_rcc.o
                0x080039a0                HAL_RCC_GetSysClockFreq
 .text.HAL_RCC_GetHCLKFreq
                0x08003ab8       0x18 ./Drivers/STM32L4xx_HAL_Driver/Src/stm32l4xx_hal_rcc.o
                0x08003ab8                HAL_RCC_GetHCLKFreq
 .text.HAL_RCC_GetPCLK1Freq
                0x08003ad0       0x2c ./Drivers/STM32L4xx_HAL_Driver/Src/stm32l4xx_hal_rcc.o
                0x08003ad0                HAL_RCC_GetPCLK1Freq
 .text.HAL_RCC_GetPCLK2Freq
                0x08003afc       0x2c ./Drivers/STM32L4xx_HAL_Driver/Src/stm32l4xx_hal_rcc.o
                0x08003afc                HAL_RCC_GetPCLK2Freq
 .text.RCC_SetFlashLatencyFromMSIRange
                0x08003b28       0xc0 ./Drivers/STM32L4xx_HAL_Driver/Src/stm32l4xx_hal_rcc.o
 .text.HAL_RCCEx_PeriphCLKConfig
                0x08003be8      0x5d4 ./Drivers/STM32L4xx_HAL_Driver/Src/stm32l4xx_hal_rcc_ex.o
                0x08003be8                HAL_RCCEx_PeriphCLKConfig
 .text.RCCEx_PLLSAI1_Config
                0x080041bc      0x1e8 ./Drivers/STM32L4xx_HAL_Driver/Src/stm32l4xx_hal_rcc_ex.o
 .text.RCCEx_PLLSAI2_Config
                0x080043a4      0x1bc ./Drivers/STM32L4xx_HAL_Driver/Src/stm32l4xx_hal_rcc_ex.o
 .text.HAL_UART_Init
                0x08004560       0x9c ./Drivers/STM32L4xx_HAL_Driver/Src/stm32l4xx_hal_uart.o
                0x08004560                HAL_UART_Init
 .text.HAL_UART_Transmit
                0x080045fc      0x112 ./Drivers/STM32L4xx_HAL_Driver/Src/stm32l4xx_hal_uart.o
                0x080045fc                HAL_UART_Transmit
 *fill*         0x0800470e        0x2 
 .text.UART_SetConfig
                0x08004710      0x570 ./Drivers/STM32L4xx_HAL_Driver/Src/stm32l4xx_hal_uart.o
                0x08004710                UART_SetConfig
 .text.UART_AdvFeatureConfig
                0x08004c80      0x144 ./Drivers/STM32L4xx_HAL_Driver/Src/stm32l4xx_hal_uart.o
                0x08004c80                UART_AdvFeatureConfig
 .text.UART_CheckIdleState
                0x08004dc4      0x150 ./Drivers/STM32L4xx_HAL_Driver/Src/stm32l4xx_hal_uart.o
                0x08004dc4                UART_CheckIdleState
 .text.UART_WaitOnFlagUntilTimeout
                0x08004f14       0xda ./Drivers/STM32L4xx_HAL_Driver/Src/stm32l4xx_hal_uart.o
                0x08004f14                UART_WaitOnFlagUntilTimeout
 .text.UART_EndRxTransfer
                0x08004fee       0xc8 ./Drivers/STM32L4xx_HAL_Driver/Src/stm32l4xx_hal_uart.o
 *fill*         0x080050b6        0x2 
 .text.std      0x080050b8       0x6c C:/ST/STM32CubeIDE_1.16.1/STM32CubeIDE/plugins/com.st.stm32cube.ide.mcu.externaltools.gnu-tools-for-stm32.12.3.rel1.win32_1.0.200.202406191623/tools/bin/../lib/gcc/arm-none-eabi/12.3.1/../../../../arm-none-eabi/lib/thumb/v7e-m+fp/hard\libc_nano.a(libc_a-findfp.o)
 .text.stdio_exit_handler
                0x08005124       0x18 C:/ST/STM32CubeIDE_1.16.1/STM32CubeIDE/plugins/com.st.stm32cube.ide.mcu.externaltools.gnu-tools-for-stm32.12.3.rel1.win32_1.0.200.202406191623/tools/bin/../lib/gcc/arm-none-eabi/12.3.1/../../../../arm-none-eabi/lib/thumb/v7e-m+fp/hard\libc_nano.a(libc_a-findfp.o)
 .text.cleanup_stdio
                0x0800513c       0x40 C:/ST/STM32CubeIDE_1.16.1/STM32CubeIDE/plugins/com.st.stm32cube.ide.mcu.externaltools.gnu-tools-for-stm32.12.3.rel1.win32_1.0.200.202406191623/tools/bin/../lib/gcc/arm-none-eabi/12.3.1/../../../../arm-none-eabi/lib/thumb/v7e-m+fp/hard\libc_nano.a(libc_a-findfp.o)
 .text.global_stdio_init.part.0
                0x0800517c       0x3c C:/ST/STM32CubeIDE_1.16.1/STM32CubeIDE/plugins/com.st.stm32cube.ide.mcu.externaltools.gnu-tools-for-stm32.12.3.rel1.win32_1.0.200.202406191623/tools/bin/../lib/gcc/arm-none-eabi/12.3.1/../../../../arm-none-eabi/lib/thumb/v7e-m+fp/hard\libc_nano.a(libc_a-findfp.o)
 .text.__sfp_lock_acquire
                0x080051b8        0xc C:/ST/STM32CubeIDE_1.16.1/STM32CubeIDE/plugins/com.st.stm32cube.ide.mcu.externaltools.gnu-tools-for-stm32.12.3.rel1.win32_1.0.200.202406191623/tools/bin/../lib/gcc/arm-none-eabi/12.3.1/../../../../arm-none-eabi/lib/thumb/v7e-m+fp/hard\libc_nano.a(libc_a-findfp.o)
                0x080051b8                __sfp_lock_acquire
 .text.__sfp_lock_release
                0x080051c4        0xc C:/ST/STM32CubeIDE_1.16.1/STM32CubeIDE/plugins/com.st.stm32cube.ide.mcu.externaltools.gnu-tools-for-stm32.12.3.rel1.win32_1.0.200.202406191623/tools/bin/../lib/gcc/arm-none-eabi/12.3.1/../../../../arm-none-eabi/lib/thumb/v7e-m+fp/hard\libc_nano.a(libc_a-findfp.o)
                0x080051c4                __sfp_lock_release
 .text.__sinit  0x080051d0       0x30 C:/ST/STM32CubeIDE_1.16.1/STM32CubeIDE/plugins/com.st.stm32cube.ide.mcu.externaltools.gnu-tools-for-stm32.12.3.rel1.win32_1.0.200.202406191623/tools/bin/../lib/gcc/arm-none-eabi/12.3.1/../../../../arm-none-eabi/lib/thumb/v7e-m+fp/hard\libc_nano.a(libc_a-findfp.o)
                0x080051d0                __sinit
 .text._fwalk_sglue
                0x08005200       0x3c C:/ST/STM32CubeIDE_1.16.1/STM32CubeIDE/plugins/com.st.stm32cube.ide.mcu.externaltools.gnu-tools-for-stm32.12.3.rel1.win32_1.0.200.202406191623/tools/bin/../lib/gcc/arm-none-eabi/12.3.1/../../../../arm-none-eabi/lib/thumb/v7e-m+fp/hard\libc_nano.a(libc_a-fwalk.o)
                0x08005200                _fwalk_sglue
 .text.printf   0x0800523c       0x24 C:/ST/STM32CubeIDE_1.16.1/STM32CubeIDE/plugins/com.st.stm32cube.ide.mcu.externaltools.gnu-tools-for-stm32.12.3.rel1.win32_1.0.200.202406191623/tools/bin/../lib/gcc/arm-none-eabi/12.3.1/../../../../arm-none-eabi/lib/thumb/v7e-m+fp/hard\libc_nano.a(libc_a-printf.o)
                0x0800523c                iprintf
                0x0800523c                printf
 .text.__sread  0x08005260       0x22 C:/ST/STM32CubeIDE_1.16.1/STM32CubeIDE/plugins/com.st.stm32cube.ide.mcu.externaltools.gnu-tools-for-stm32.12.3.rel1.win32_1.0.200.202406191623/tools/bin/../lib/gcc/arm-none-eabi/12.3.1/../../../../arm-none-eabi/lib/thumb/v7e-m+fp/hard\libc_nano.a(libc_a-stdio.o)
                0x08005260                __sread
 .text.__swrite
                0x08005282       0x38 C:/ST/STM32CubeIDE_1.16.1/STM32CubeIDE/plugins/com.st.stm32cube.ide.mcu.externaltools.gnu-tools-for-stm32.12.3.rel1.win32_1.0.200.202406191623/tools/bin/../lib/gcc/arm-none-eabi/12.3.1/../../../../arm-none-eabi/lib/thumb/v7e-m+fp/hard\libc_nano.a(libc_a-stdio.o)
                0x08005282                __swrite
 .text.__sseek  0x080052ba       0x24 C:/ST/STM32CubeIDE_1.16.1/STM32CubeIDE/plugins/com.st.stm32cube.ide.mcu.externaltools.gnu-tools-for-stm32.12.3.rel1.win32_1.0.200.202406191623/tools/bin/../lib/gcc/arm-none-eabi/12.3.1/../../../../arm-none-eabi/lib/thumb/v7e-m+fp/hard\libc_nano.a(libc_a-stdio.o)
                0x080052ba                __sseek
 .text.__sclose
                0x080052de        0x8 C:/ST/STM32CubeIDE_1.16.1/STM32CubeIDE/plugins/com.st.stm32cube.ide.mcu.externaltools.gnu-tools-for-stm32.12.3.rel1.win32_1.0.200.202406191623/tools/bin/../lib/gcc/arm-none-eabi/12.3.1/../../../../arm-none-eabi/lib/thumb/v7e-m+fp/hard\libc_nano.a(libc_a-stdio.o)
                0x080052de                __sclose
 .text.memset   0x080052e6       0x10 C:/ST/STM32CubeIDE_1.16.1/STM32CubeIDE/plugins/com.st.stm32cube.ide.mcu.externaltools.gnu-tools-for-stm32.12.3.rel1.win32_1.0.200.202406191623/tools/bin/../lib/gcc/arm-none-eabi/12.3.1/../../../../arm-none-eabi/lib/thumb/v7e-m+fp/hard\libc_nano.a(libc_a-memset.o)
                0x080052e6                memset
 *fill*         0x080052f6        0x2 
 .text._close_r
                0x080052f8       0x20 C:/ST/STM32CubeIDE_1.16.1/STM32CubeIDE/plugins/com.st.stm32cube.ide.mcu.externaltools.gnu-tools-for-stm32.12.3.rel1.win32_1.0.200.202406191623/tools/bin/../lib/gcc/arm-none-eabi/12.3.1/../../../../arm-none-eabi/lib/thumb/v7e-m+fp/hard\libc_nano.a(libc_a-closer.o)
                0x080052f8                _close_r
 .text._lseek_r
                0x08005318       0x24 C:/ST/STM32CubeIDE_1.16.1/STM32CubeIDE/plugins/com.st.stm32cube.ide.mcu.externaltools.gnu-tools-for-stm32.12.3.rel1.win32_1.0.200.202406191623/tools/bin/../lib/gcc/arm-none-eabi/12.3.1/../../../../arm-none-eabi/lib/thumb/v7e-m+fp/hard\libc_nano.a(libc_a-lseekr.o)
                0x08005318                _lseek_r
 .text._read_r  0x0800533c       0x24 C:/ST/STM32CubeIDE_1.16.1/STM32CubeIDE/plugins/com.st.stm32cube.ide.mcu.externaltools.gnu-tools-for-stm32.12.3.rel1.win32_1.0.200.202406191623/tools/bin/../lib/gcc/arm-none-eabi/12.3.1/../../../../arm-none-eabi/lib/thumb/v7e-m+fp/hard\libc_nano.a(libc_a-readr.o)
                0x0800533c                _read_r
 .text._write_r
                0x08005360       0x24 C:/ST/STM32CubeIDE_1.16.1/STM32CubeIDE/plugins/com.st.stm32cube.ide.mcu.externaltools.gnu-tools-for-stm32.12.3.rel1.win32_1.0.200.202406191623/tools/bin/../lib/gcc/arm-none-eabi/12.3.1/../../../../arm-none-eabi/lib/thumb/v7e-m+fp/hard\libc_nano.a(libc_a-writer.o)
                0x08005360                _write_r
 .text.__errno  0x08005384        0xc C:/ST/STM32CubeIDE_1.16.1/STM32CubeIDE/plugins/com.st.stm32cube.ide.mcu.externaltools.gnu-tools-for-stm32.12.3.rel1.win32_1.0.200.202406191623/tools/bin/../lib/gcc/arm-none-eabi/12.3.1/../../../../arm-none-eabi/lib/thumb/v7e-m+fp/hard\libc_nano.a(libc_a-errno.o)
                0x08005384                __errno
 .text.__libc_init_array
                0x08005390       0x48 C:/ST/STM32CubeIDE_1.16.1/STM32CubeIDE/plugins/com.st.stm32cube.ide.mcu.externaltools.gnu-tools-for-stm32.12.3.rel1.win32_1.0.200.202406191623/tools/bin/../lib/gcc/arm-none-eabi/12.3.1/../../../../arm-none-eabi/lib/thumb/v7e-m+fp/hard\libc_nano.a(libc_a-init.o)
                0x08005390                __libc_init_array
 .text.__retarget_lock_init_recursive
                0x080053d8        0x2 C:/ST/STM32CubeIDE_1.16.1/STM32CubeIDE/plugins/com.st.stm32cube.ide.mcu.externaltools.gnu-tools-for-stm32.12.3.rel1.win32_1.0.200.202406191623/tools/bin/../lib/gcc/arm-none-eabi/12.3.1/../../../../arm-none-eabi/lib/thumb/v7e-m+fp/hard\libc_nano.a(libc_a-lock.o)
                0x080053d8                __retarget_lock_init_recursive
 .text.__retarget_lock_acquire_recursive
                0x080053da        0x2 C:/ST/STM32CubeIDE_1.16.1/STM32CubeIDE/plugins/com.st.stm32cube.ide.mcu.externaltools.gnu-tools-for-stm32.12.3.rel1.win32_1.0.200.202406191623/tools/bin/../lib/gcc/arm-none-eabi/12.3.1/../../../../arm-none-eabi/lib/thumb/v7e-m+fp/hard\libc_nano.a(libc_a-lock.o)
                0x080053da                __retarget_lock_acquire_recursive
 .text.__retarget_lock_release_recursive
                0x080053dc        0x2 C:/ST/STM32CubeIDE_1.16.1/STM32CubeIDE/plugins/com.st.stm32cube.ide.mcu.externaltools.gnu-tools-for-stm32.12.3.rel1.win32_1.0.200.202406191623/tools/bin/../lib/gcc/arm-none-eabi/12.3.1/../../../../arm-none-eabi/lib/thumb/v7e-m+fp/hard\libc_nano.a(libc_a-lock.o)
                0x080053dc                __retarget_lock_release_recursive
 *fill*         0x080053de        0x2 
 .text._free_r  0x080053e0       0x94 C:/ST/STM32CubeIDE_1.16.1/STM32CubeIDE/plugins/com.st.stm32cube.ide.mcu.externaltools.gnu-tools-for-stm32.12.3.rel1.win32_1.0.200.202406191623/tools/bin/../lib/gcc/arm-none-eabi/12.3.1/../../../../arm-none-eabi/lib/thumb/v7e-m+fp/hard\libc_nano.a(libc_a-freer.o)
                0x080053e0                _free_r
 .text.sbrk_aligned
                0x08005474       0x44 C:/ST/STM32CubeIDE_1.16.1/STM32CubeIDE/plugins/com.st.stm32cube.ide.mcu.externaltools.gnu-tools-for-stm32.12.3.rel1.win32_1.0.200.202406191623/tools/bin/../lib/gcc/arm-none-eabi/12.3.1/../../../../arm-none-eabi/lib/thumb/v7e-m+fp/hard\libc_nano.a(libc_a-mallocr.o)
 .text._malloc_r
                0x080054b8      0x100 C:/ST/STM32CubeIDE_1.16.1/STM32CubeIDE/plugins/com.st.stm32cube.ide.mcu.externaltools.gnu-tools-for-stm32.12.3.rel1.win32_1.0.200.202406191623/tools/bin/../lib/gcc/arm-none-eabi/12.3.1/../../../../arm-none-eabi/lib/thumb/v7e-m+fp/hard\libc_nano.a(libc_a-mallocr.o)
                0x080054b8                _malloc_r
 .text.__malloc_lock
                0x080055b8        0xc C:/ST/STM32CubeIDE_1.16.1/STM32CubeIDE/plugins/com.st.stm32cube.ide.mcu.externaltools.gnu-tools-for-stm32.12.3.rel1.win32_1.0.200.202406191623/tools/bin/../lib/gcc/arm-none-eabi/12.3.1/../../../../arm-none-eabi/lib/thumb/v7e-m+fp/hard\libc_nano.a(libc_a-mlock.o)
                0x080055b8                __malloc_lock
 .text.__malloc_unlock
                0x080055c4        0xc C:/ST/STM32CubeIDE_1.16.1/STM32CubeIDE/plugins/com.st.stm32cube.ide.mcu.externaltools.gnu-tools-for-stm32.12.3.rel1.win32_1.0.200.202406191623/tools/bin/../lib/gcc/arm-none-eabi/12.3.1/../../../../arm-none-eabi/lib/thumb/v7e-m+fp/hard\libc_nano.a(libc_a-mlock.o)
                0x080055c4                __malloc_unlock
 .text.__sfputc_r
                0x080055d0       0x2e C:/ST/STM32CubeIDE_1.16.1/STM32CubeIDE/plugins/com.st.stm32cube.ide.mcu.externaltools.gnu-tools-for-stm32.12.3.rel1.win32_1.0.200.202406191623/tools/bin/../lib/gcc/arm-none-eabi/12.3.1/../../../../arm-none-eabi/lib/thumb/v7e-m+fp/hard\libc_nano.a(libc_a-nano-vfprintf.o)
 .text.__sfputs_r
                0x080055fe       0x24 C:/ST/STM32CubeIDE_1.16.1/STM32CubeIDE/plugins/com.st.stm32cube.ide.mcu.externaltools.gnu-tools-for-stm32.12.3.rel1.win32_1.0.200.202406191623/tools/bin/../lib/gcc/arm-none-eabi/12.3.1/../../../../arm-none-eabi/lib/thumb/v7e-m+fp/hard\libc_nano.a(libc_a-nano-vfprintf.o)
                0x080055fe                __sfputs_r
 *fill*         0x08005622        0x2 
 .text._vfprintf_r
                0x08005624      0x230 C:/ST/STM32CubeIDE_1.16.1/STM32CubeIDE/plugins/com.st.stm32cube.ide.mcu.externaltools.gnu-tools-for-stm32.12.3.rel1.win32_1.0.200.202406191623/tools/bin/../lib/gcc/arm-none-eabi/12.3.1/../../../../arm-none-eabi/lib/thumb/v7e-m+fp/hard\libc_nano.a(libc_a-nano-vfprintf.o)
                0x08005624                _vfprintf_r
                0x08005624                _vfiprintf_r
 .text._printf_common
                0x08005854       0xda C:/ST/STM32CubeIDE_1.16.1/STM32CubeIDE/plugins/com.st.stm32cube.ide.mcu.externaltools.gnu-tools-for-stm32.12.3.rel1.win32_1.0.200.202406191623/tools/bin/../lib/gcc/arm-none-eabi/12.3.1/../../../../arm-none-eabi/lib/thumb/v7e-m+fp/hard\libc_nano.a(libc_a-nano-vfprintf_i.o)
                0x08005854                _printf_common
 *fill*         0x0800592e        0x2 
 .text._printf_i
                0x08005930      0x240 C:/ST/STM32CubeIDE_1.16.1/STM32CubeIDE/plugins/com.st.stm32cube.ide.mcu.externaltools.gnu-tools-for-stm32.12.3.rel1.win32_1.0.200.202406191623/tools/bin/../lib/gcc/arm-none-eabi/12.3.1/../../../../arm-none-eabi/lib/thumb/v7e-m+fp/hard\libc_nano.a(libc_a-nano-vfprintf_i.o)
                0x08005930                _printf_i
 .text.__sflush_r
                0x08005b70      0x108 C:/ST/STM32CubeIDE_1.16.1/STM32CubeIDE/plugins/com.st.stm32cube.ide.mcu.externaltools.gnu-tools-for-stm32.12.3.rel1.win32_1.0.200.202406191623/tools/bin/../lib/gcc/arm-none-eabi/12.3.1/../../../../arm-none-eabi/lib/thumb/v7e-m+fp/hard\libc_nano.a(libc_a-fflush.o)
                0x08005b70                __sflush_r
 .text._fflush_r
                0x08005c78       0x50 C:/ST/STM32CubeIDE_1.16.1/STM32CubeIDE/plugins/com.st.stm32cube.ide.mcu.externaltools.gnu-tools-for-stm32.12.3.rel1.win32_1.0.200.202406191623/tools/bin/../lib/gcc/arm-none-eabi/12.3.1/../../../../arm-none-eabi/lib/thumb/v7e-m+fp/hard\libc_nano.a(libc_a-fflush.o)
                0x08005c78                _fflush_r
 .text.__swbuf_r
                0x08005cc8       0x7c C:/ST/STM32CubeIDE_1.16.1/STM32CubeIDE/plugins/com.st.stm32cube.ide.mcu.externaltools.gnu-tools-for-stm32.12.3.rel1.win32_1.0.200.202406191623/tools/bin/../lib/gcc/arm-none-eabi/12.3.1/../../../../arm-none-eabi/lib/thumb/v7e-m+fp/hard\libc_nano.a(libc_a-wbuf.o)
                0x08005cc8                __swbuf_r
 .text.__swsetup_r
                0x08005d44       0xac C:/ST/STM32CubeIDE_1.16.1/STM32CubeIDE/plugins/com.st.stm32cube.ide.mcu.externaltools.gnu-tools-for-stm32.12.3.rel1.win32_1.0.200.202406191623/tools/bin/../lib/gcc/arm-none-eabi/12.3.1/../../../../arm-none-eabi/lib/thumb/v7e-m+fp/hard\libc_nano.a(libc_a-wsetup.o)
                0x08005d44                __swsetup_r
 .text._sbrk_r  0x08005df0       0x20 C:/ST/STM32CubeIDE_1.16.1/STM32CubeIDE/plugins/com.st.stm32cube.ide.mcu.externaltools.gnu-tools-for-stm32.12.3.rel1.win32_1.0.200.202406191623/tools/bin/../lib/gcc/arm-none-eabi/12.3.1/../../../../arm-none-eabi/lib/thumb/v7e-m+fp/hard\libc_nano.a(libc_a-sbrkr.o)
                0x08005df0                _sbrk_r
 .text.__swhatbuf_r
                0x08005e10       0x4c C:/ST/STM32CubeIDE_1.16.1/STM32CubeIDE/plugins/com.st.stm32cube.ide.mcu.externaltools.gnu-tools-for-stm32.12.3.rel1.win32_1.0.200.202406191623/tools/bin/../lib/gcc/arm-none-eabi/12.3.1/../../../../arm-none-eabi/lib/thumb/v7e-m+fp/hard\libc_nano.a(libc_a-makebuf.o)
                0x08005e10                __swhatbuf_r
 .text.__smakebuf_r
                0x08005e5c       0x78 C:/ST/STM32CubeIDE_1.16.1/STM32CubeIDE/plugins/com.st.stm32cube.ide.mcu.externaltools.gnu-tools-for-stm32.12.3.rel1.win32_1.0.200.202406191623/tools/bin/../lib/gcc/arm-none-eabi/12.3.1/../../../../arm-none-eabi/lib/thumb/v7e-m+fp/hard\libc_nano.a(libc_a-makebuf.o)
                0x08005e5c                __smakebuf_r
 .text._fstat_r
                0x08005ed4       0x24 C:/ST/STM32CubeIDE_1.16.1/STM32CubeIDE/plugins/com.st.stm32cube.ide.mcu.externaltools.gnu-tools-for-stm32.12.3.rel1.win32_1.0.200.202406191623/tools/bin/../lib/gcc/arm-none-eabi/12.3.1/../../../../arm-none-eabi/lib/thumb/v7e-m+fp/hard\libc_nano.a(libc_a-fstatr.o)
                0x08005ed4                _fstat_r
 .text._isatty_r
                0x08005ef8       0x20 C:/ST/STM32CubeIDE_1.16.1/STM32CubeIDE/plugins/com.st.stm32cube.ide.mcu.externaltools.gnu-tools-for-stm32.12.3.rel1.win32_1.0.200.202406191623/tools/bin/../lib/gcc/arm-none-eabi/12.3.1/../../../../arm-none-eabi/lib/thumb/v7e-m+fp/hard\libc_nano.a(libc_a-isattyr.o)
                0x08005ef8                _isatty_r
 *(.glue_7)
 .glue_7        0x08005f18        0x0 linker stubs
 *(.glue_7t)
 .glue_7t       0x08005f18        0x0 linker stubs
 *(.eh_frame)
 .eh_frame      0x08005f18        0x0 C:/ST/STM32CubeIDE_1.16.1/STM32CubeIDE/plugins/com.st.stm32cube.ide.mcu.externaltools.gnu-tools-for-stm32.12.3.rel1.win32_1.0.200.202406191623/tools/bin/../lib/gcc/arm-none-eabi/12.3.1/thumb/v7e-m+fp/hard/crtbegin.o
 *(.init)
 .init          0x08005f18        0x4 C:/ST/STM32CubeIDE_1.16.1/STM32CubeIDE/plugins/com.st.stm32cube.ide.mcu.externaltools.gnu-tools-for-stm32.12.3.rel1.win32_1.0.200.202406191623/tools/bin/../lib/gcc/arm-none-eabi/12.3.1/thumb/v7e-m+fp/hard/crti.o
                0x08005f18                _init
 .init          0x08005f1c        0x8 C:/ST/STM32CubeIDE_1.16.1/STM32CubeIDE/plugins/com.st.stm32cube.ide.mcu.externaltools.gnu-tools-for-stm32.12.3.rel1.win32_1.0.200.202406191623/tools/bin/../lib/gcc/arm-none-eabi/12.3.1/thumb/v7e-m+fp/hard/crtn.o
 *(.fini)
 .fini          0x08005f24        0x4 C:/ST/STM32CubeIDE_1.16.1/STM32CubeIDE/plugins/com.st.stm32cube.ide.mcu.externaltools.gnu-tools-for-stm32.12.3.rel1.win32_1.0.200.202406191623/tools/bin/../lib/gcc/arm-none-eabi/12.3.1/thumb/v7e-m+fp/hard/crti.o
                0x08005f24                _fini
 .fini          0x08005f28        0x8 C:/ST/STM32CubeIDE_1.16.1/STM32CubeIDE/plugins/com.st.stm32cube.ide.mcu.externaltools.gnu-tools-for-stm32.12.3.rel1.win32_1.0.200.202406191623/tools/bin/../lib/gcc/arm-none-eabi/12.3.1/thumb/v7e-m+fp/hard/crtn.o
                0x08005f30                        . = ALIGN (0x4)
                0x08005f30                        _etext = .

.vfp11_veneer   0x08005f30        0x0
 .vfp11_veneer  0x08005f30        0x0 linker stubs

.v4_bx          0x08005f30        0x0
 .v4_bx         0x08005f30        0x0 linker stubs

.iplt           0x08005f30        0x0
 .iplt          0x08005f30        0x0 C:/ST/STM32CubeIDE_1.16.1/STM32CubeIDE/plugins/com.st.stm32cube.ide.mcu.externaltools.gnu-tools-for-stm32.12.3.rel1.win32_1.0.200.202406191623/tools/bin/../lib/gcc/arm-none-eabi/12.3.1/thumb/v7e-m+fp/hard/crtbegin.o

.rodata         0x08005f30       0x94
                0x08005f30                        . = ALIGN (0x4)
 *(.rodata)
 .rodata        0x08005f30       0x15 ./Core/Src/main.o
 *(.rodata*)
 *fill*         0x08005f45        0x3 
 .rodata.AHBPrescTable
                0x08005f48       0x10 ./Core/Src/system_stm32l4xx.o
                0x08005f48                AHBPrescTable
 .rodata.APBPrescTable
                0x08005f58        0x8 ./Core/Src/system_stm32l4xx.o
                0x08005f58                APBPrescTable
 .rodata.MSIRangeTable
                0x08005f60       0x30 ./Core/Src/system_stm32l4xx.o
                0x08005f60                MSIRangeTable
 .rodata._vfprintf_r.str1.1
                0x08005f90       0x11 C:/ST/STM32CubeIDE_1.16.1/STM32CubeIDE/plugins/com.st.stm32cube.ide.mcu.externaltools.gnu-tools-for-stm32.12.3.rel1.win32_1.0.200.202406191623/tools/bin/../lib/gcc/arm-none-eabi/12.3.1/../../../../arm-none-eabi/lib/thumb/v7e-m+fp/hard\libc_nano.a(libc_a-nano-vfprintf.o)
 .rodata._printf_i.str1.1
                0x08005fa1       0x22 C:/ST/STM32CubeIDE_1.16.1/STM32CubeIDE/plugins/com.st.stm32cube.ide.mcu.externaltools.gnu-tools-for-stm32.12.3.rel1.win32_1.0.200.202406191623/tools/bin/../lib/gcc/arm-none-eabi/12.3.1/../../../../arm-none-eabi/lib/thumb/v7e-m+fp/hard\libc_nano.a(libc_a-nano-vfprintf_i.o)
                0x08005fc4                        . = ALIGN (0x4)
 *fill*         0x08005fc3        0x1 

.ARM.extab      0x08005fc4        0x0
                0x08005fc4                        . = ALIGN (0x4)
 *(.ARM.extab* .gnu.linkonce.armextab.*)
                0x08005fc4                        . = ALIGN (0x4)

.ARM            0x08005fc4        0x8
                0x08005fc4                        . = ALIGN (0x4)
                0x08005fc4                        __exidx_start = .
 *(.ARM.exidx*)
 .ARM.exidx     0x08005fc4        0x8 C:/ST/STM32CubeIDE_1.16.1/STM32CubeIDE/plugins/com.st.stm32cube.ide.mcu.externaltools.gnu-tools-for-stm32.12.3.rel1.win32_1.0.200.202406191623/tools/bin/../lib/gcc/arm-none-eabi/12.3.1/../../../../arm-none-eabi/lib/thumb/v7e-m+fp/hard\libc_nano.a(libc_a-memchr.o)
 .ARM.exidx     0x08005fcc        0x0 C:/ST/STM32CubeIDE_1.16.1/STM32CubeIDE/plugins/com.st.stm32cube.ide.mcu.externaltools.gnu-tools-for-stm32.12.3.rel1.win32_1.0.200.202406191623/tools/bin/../lib/gcc/arm-none-eabi/12.3.1/thumb/v7e-m+fp/hard\libgcc.a(_udivmoddi4.o)
                                  0x8 (size before relaxing)
                0x08005fcc                        __exidx_end = .
                0x08005fcc                        . = ALIGN (0x4)

.preinit_array  0x08005fcc        0x0
                0x08005fcc                        . = ALIGN (0x4)
                0x08005fcc                        PROVIDE (__preinit_array_start = .)
 *(.preinit_array*)
                0x08005fcc                        PROVIDE (__preinit_array_end = .)
                0x08005fcc                        . = ALIGN (0x4)

.init_array     0x08005fcc        0x4
                0x08005fcc                        . = ALIGN (0x4)
                0x08005fcc                        PROVIDE (__init_array_start = .)
 *(SORT_BY_NAME(.init_array.*))
 *(.init_array*)
 .init_array    0x08005fcc        0x4 C:/ST/STM32CubeIDE_1.16.1/STM32CubeIDE/plugins/com.st.stm32cube.ide.mcu.externaltools.gnu-tools-for-stm32.12.3.rel1.win32_1.0.200.202406191623/tools/bin/../lib/gcc/arm-none-eabi/12.3.1/thumb/v7e-m+fp/hard/crtbegin.o
                0x08005fd0                        PROVIDE (__init_array_end = .)
                0x08005fd0                        . = ALIGN (0x4)

.fini_array     0x08005fd0        0x4
                0x08005fd0                        . = ALIGN (0x4)
                [!provide]                        PROVIDE (__fini_array_start = .)
 *(SORT_BY_NAME(.fini_array.*))
 *(.fini_array*)
 .fini_array    0x08005fd0        0x4 C:/ST/STM32CubeIDE_1.16.1/STM32CubeIDE/plugins/com.st.stm32cube.ide.mcu.externaltools.gnu-tools-for-stm32.12.3.rel1.win32_1.0.200.202406191623/tools/bin/../lib/gcc/arm-none-eabi/12.3.1/thumb/v7e-m+fp/hard/crtbegin.o
                [!provide]                        PROVIDE (__fini_array_end = .)
                0x08005fd4                        . = ALIGN (0x4)
                0x08005fd4                        _sidata = LOADADDR (.data)

.rel.dyn        0x08005fd4        0x0
 .rel.iplt      0x08005fd4        0x0 C:/ST/STM32CubeIDE_1.16.1/STM32CubeIDE/plugins/com.st.stm32cube.ide.mcu.externaltools.gnu-tools-for-stm32.12.3.rel1.win32_1.0.200.202406191623/tools/bin/../lib/gcc/arm-none-eabi/12.3.1/thumb/v7e-m+fp/hard/crtbegin.o

.data           0x20000000       0x68 load address 0x08005fd4
                0x20000000                        . = ALIGN (0x4)
                0x20000000                        _sdata = .
 *(.data)
 *(.data*)
 .data.SystemCoreClock
                0x20000000        0x4 ./Core/Src/system_stm32l4xx.o
                0x20000000                SystemCoreClock
 .data.uwTickPrio
                0x20000004        0x4 ./Drivers/STM32L4xx_HAL_Driver/Src/stm32l4xx_hal.o
                0x20000004                uwTickPrio
 .data.uwTickFreq
                0x20000008        0x1 ./Drivers/STM32L4xx_HAL_Driver/Src/stm32l4xx_hal.o
                0x20000008                uwTickFreq
 *fill*         0x20000009        0x3 
 .data.__sglue  0x2000000c        0xc C:/ST/STM32CubeIDE_1.16.1/STM32CubeIDE/plugins/com.st.stm32cube.ide.mcu.externaltools.gnu-tools-for-stm32.12.3.rel1.win32_1.0.200.202406191623/tools/bin/../lib/gcc/arm-none-eabi/12.3.1/../../../../arm-none-eabi/lib/thumb/v7e-m+fp/hard\libc_nano.a(libc_a-findfp.o)
                0x2000000c                __sglue
 .data._impure_ptr
                0x20000018        0x4 C:/ST/STM32CubeIDE_1.16.1/STM32CubeIDE/plugins/com.st.stm32cube.ide.mcu.externaltools.gnu-tools-for-stm32.12.3.rel1.win32_1.0.200.202406191623/tools/bin/../lib/gcc/arm-none-eabi/12.3.1/../../../../arm-none-eabi/lib/thumb/v7e-m+fp/hard\libc_nano.a(libc_a-impure.o)
                0x20000018                _impure_ptr
 .data._impure_data
                0x2000001c       0x4c C:/ST/STM32CubeIDE_1.16.1/STM32CubeIDE/plugins/com.st.stm32cube.ide.mcu.externaltools.gnu-tools-for-stm32.12.3.rel1.win32_1.0.200.202406191623/tools/bin/../lib/gcc/arm-none-eabi/12.3.1/../../../../arm-none-eabi/lib/thumb/v7e-m+fp/hard\libc_nano.a(libc_a-impure.o)
                0x2000001c                _impure_data
 *(.RamFunc)
 *(.RamFunc*)
                0x20000068                        . = ALIGN (0x4)
                0x20000068                        _edata = .

.igot.plt       0x20000068        0x0 load address 0x0800603c
 .igot.plt      0x20000068        0x0 C:/ST/STM32CubeIDE_1.16.1/STM32CubeIDE/plugins/com.st.stm32cube.ide.mcu.externaltools.gnu-tools-for-stm32.12.3.rel1.win32_1.0.200.202406191623/tools/bin/../lib/gcc/arm-none-eabi/12.3.1/thumb/v7e-m+fp/hard/crtbegin.o
                0x20000068                        . = ALIGN (0x4)

.bss            0x20000068      0x28c load address 0x0800603c
                0x20000068                        _sbss = .
                0x20000068                        __bss_start__ = _sbss
 *(.bss)
 .bss           0x20000068       0x1c C:/ST/STM32CubeIDE_1.16.1/STM32CubeIDE/plugins/com.st.stm32cube.ide.mcu.externaltools.gnu-tools-for-stm32.12.3.rel1.win32_1.0.200.202406191623/tools/bin/../lib/gcc/arm-none-eabi/12.3.1/thumb/v7e-m+fp/hard/crtbegin.o
 *(.bss*)
 .bss.huart1    0x20000084       0x88 ./Core/Src/main.o
                0x20000084                huart1
 .bss.EnvironmentSensor
                0x2000010c       0x34 ./Core/Src/main.o
                0x2000010c                EnvironmentSensor
 .bss.Hum       0x20000140        0x4 ./Core/Src/main.o
                0x20000140                Hum
 .bss.Temp      0x20000144        0x4 ./Core/Src/main.o
                0x20000144                Temp
 .bss.__sbrk_heap_end
                0x20000148        0x4 ./Core/Src/sysmem.o
 .bss.hi2c2     0x2000014c       0x54 ./Drivers/BSP/B-L475E-IOT01A2/b_l475e_iot01a2_bus.o
                0x2000014c                hi2c2
 .bss.I2C2InitCounter
                0x200001a0        0x4 ./Drivers/BSP/B-L475E-IOT01A2/b_l475e_iot01a2_bus.o
 .bss.uwTick    0x200001a4        0x4 ./Drivers/STM32L4xx_HAL_Driver/Src/stm32l4xx_hal.o
                0x200001a4                uwTick
 .bss.__sf      0x200001a8      0x138 C:/ST/STM32CubeIDE_1.16.1/STM32CubeIDE/plugins/com.st.stm32cube.ide.mcu.externaltools.gnu-tools-for-stm32.12.3.rel1.win32_1.0.200.202406191623/tools/bin/../lib/gcc/arm-none-eabi/12.3.1/../../../../arm-none-eabi/lib/thumb/v7e-m+fp/hard\libc_nano.a(libc_a-findfp.o)
                0x200001a8                __sf
 .bss.__stdio_exit_handler
                0x200002e0        0x4 C:/ST/STM32CubeIDE_1.16.1/STM32CubeIDE/plugins/com.st.stm32cube.ide.mcu.externaltools.gnu-tools-for-stm32.12.3.rel1.win32_1.0.200.202406191623/tools/bin/../lib/gcc/arm-none-eabi/12.3.1/../../../../arm-none-eabi/lib/thumb/v7e-m+fp/hard\libc_nano.a(libc_a-findfp.o)
                0x200002e0                __stdio_exit_handler
 .bss.errno     0x200002e4        0x4 C:/ST/STM32CubeIDE_1.16.1/STM32CubeIDE/plugins/com.st.stm32cube.ide.mcu.externaltools.gnu-tools-for-stm32.12.3.rel1.win32_1.0.200.202406191623/tools/bin/../lib/gcc/arm-none-eabi/12.3.1/../../../../arm-none-eabi/lib/thumb/v7e-m+fp/hard\libc_nano.a(libc_a-reent.o)
                0x200002e4                errno
 .bss.__lock___malloc_recursive_mutex
                0x200002e8        0x1 C:/ST/STM32CubeIDE_1.16.1/STM32CubeIDE/plugins/com.st.stm32cube.ide.mcu.externaltools.gnu-tools-for-stm32.12.3.rel1.win32_1.0.200.202406191623/tools/bin/../lib/gcc/arm-none-eabi/12.3.1/../../../../arm-none-eabi/lib/thumb/v7e-m+fp/hard\libc_nano.a(libc_a-lock.o)
                0x200002e8                __lock___malloc_recursive_mutex
 .bss.__lock___sfp_recursive_mutex
                0x200002e9        0x1 C:/ST/STM32CubeIDE_1.16.1/STM32CubeIDE/plugins/com.st.stm32cube.ide.mcu.externaltools.gnu-tools-for-stm32.12.3.rel1.win32_1.0.200.202406191623/tools/bin/../lib/gcc/arm-none-eabi/12.3.1/../../../../arm-none-eabi/lib/thumb/v7e-m+fp/hard\libc_nano.a(libc_a-lock.o)
                0x200002e9                __lock___sfp_recursive_mutex
 *fill*         0x200002ea        0x2 
 .bss.__malloc_sbrk_start
                0x200002ec        0x4 C:/ST/STM32CubeIDE_1.16.1/STM32CubeIDE/plugins/com.st.stm32cube.ide.mcu.externaltools.gnu-tools-for-stm32.12.3.rel1.win32_1.0.200.202406191623/tools/bin/../lib/gcc/arm-none-eabi/12.3.1/../../../../arm-none-eabi/lib/thumb/v7e-m+fp/hard\libc_nano.a(libc_a-mallocr.o)
                0x200002ec                __malloc_sbrk_start
 .bss.__malloc_free_list
                0x200002f0        0x4 C:/ST/STM32CubeIDE_1.16.1/STM32CubeIDE/plugins/com.st.stm32cube.ide.mcu.externaltools.gnu-tools-for-stm32.12.3.rel1.win32_1.0.200.202406191623/tools/bin/../lib/gcc/arm-none-eabi/12.3.1/../../../../arm-none-eabi/lib/thumb/v7e-m+fp/hard\libc_nano.a(libc_a-mallocr.o)
                0x200002f0                __malloc_free_list
 *(COMMON)
                0x200002f4                        . = ALIGN (0x4)
                0x200002f4                        _ebss = .
                0x200002f4                        __bss_end__ = _ebss

._user_heap_stack
                0x200002f4      0x604 load address 0x0800603c
                0x200002f8                        . = ALIGN (0x8)
 *fill*         0x200002f4        0x4 
                [!provide]                        PROVIDE (end = .)
                0x200002f8                        PROVIDE (_end = .)
                0x200004f8                        . = (. + _Min_Heap_Size)
 *fill*         0x200002f8      0x200 
                0x200008f8                        . = (. + _Min_Stack_Size)
 *fill*         0x200004f8      0x400 
                0x200008f8                        . = ALIGN (0x8)

/DISCARD/
 libc.a(*)
 libm.a(*)
 libgcc.a(*)

.ARM.attributes
                0x00000000       0x30
 *(.ARM.attributes)
 .ARM.attributes
                0x00000000       0x22 C:/ST/STM32CubeIDE_1.16.1/STM32CubeIDE/plugins/com.st.stm32cube.ide.mcu.externaltools.gnu-tools-for-stm32.12.3.rel1.win32_1.0.200.202406191623/tools/bin/../lib/gcc/arm-none-eabi/12.3.1/thumb/v7e-m+fp/hard/crti.o
 .ARM.attributes
                0x00000022       0x34 C:/ST/STM32CubeIDE_1.16.1/STM32CubeIDE/plugins/com.st.stm32cube.ide.mcu.externaltools.gnu-tools-for-stm32.12.3.rel1.win32_1.0.200.202406191623/tools/bin/../lib/gcc/arm-none-eabi/12.3.1/thumb/v7e-m+fp/hard/crtbegin.o
 .ARM.attributes
                0x00000056       0x34 ./Core/Src/main.o
 .ARM.attributes
                0x0000008a       0x34 ./Core/Src/stm32l4xx_hal_msp.o
 .ARM.attributes
                0x000000be       0x34 ./Core/Src/stm32l4xx_it.o
 .ARM.attributes
                0x000000f2       0x34 ./Core/Src/syscalls.o
 .ARM.attributes
                0x00000126       0x34 ./Core/Src/sysmem.o
 .ARM.attributes
                0x0000015a       0x34 ./Core/Src/system_stm32l4xx.o
 .ARM.attributes
                0x0000018e       0x21 ./Core/Startup/startup_stm32l475vgtx.o
 .ARM.attributes
                0x000001af       0x34 ./Drivers/BSP/B-L475E-IOT01A2/b_l475e_iot01a2_bus.o
 .ARM.attributes
                0x000001e3       0x34 ./Drivers/BSP/Components/hts221/hts221.o
 .ARM.attributes
                0x00000217       0x34 ./Drivers/BSP/Components/hts221/hts221_reg.o
 .ARM.attributes
                0x0000024b       0x34 ./Drivers/STM32L4xx_HAL_Driver/Src/stm32l4xx_hal.o
 .ARM.attributes
                0x0000027f       0x34 ./Drivers/STM32L4xx_HAL_Driver/Src/stm32l4xx_hal_cortex.o
 .ARM.attributes
                0x000002b3       0x34 ./Drivers/STM32L4xx_HAL_Driver/Src/stm32l4xx_hal_gpio.o
 .ARM.attributes
                0x000002e7       0x34 ./Drivers/STM32L4xx_HAL_Driver/Src/stm32l4xx_hal_i2c.o
 .ARM.attributes
                0x0000031b       0x34 ./Drivers/STM32L4xx_HAL_Driver/Src/stm32l4xx_hal_i2c_ex.o
 .ARM.attributes
                0x0000034f       0x34 ./Drivers/STM32L4xx_HAL_Driver/Src/stm32l4xx_hal_pwr_ex.o
 .ARM.attributes
                0x00000383       0x34 ./Drivers/STM32L4xx_HAL_Driver/Src/stm32l4xx_hal_rcc.o
 .ARM.attributes
                0x000003b7       0x34 ./Drivers/STM32L4xx_HAL_Driver/Src/stm32l4xx_hal_rcc_ex.o
 .ARM.attributes
                0x000003eb       0x34 ./Drivers/STM32L4xx_HAL_Driver/Src/stm32l4xx_hal_uart.o
 .ARM.attributes
                0x0000041f       0x34 C:/ST/STM32CubeIDE_1.16.1/STM32CubeIDE/plugins/com.st.stm32cube.ide.mcu.externaltools.gnu-tools-for-stm32.12.3.rel1.win32_1.0.200.202406191623/tools/bin/../lib/gcc/arm-none-eabi/12.3.1/../../../../arm-none-eabi/lib/thumb/v7e-m+fp/hard\libc_nano.a(libc_a-findfp.o)
 .ARM.attributes
                0x00000453       0x34 C:/ST/STM32CubeIDE_1.16.1/STM32CubeIDE/plugins/com.st.stm32cube.ide.mcu.externaltools.gnu-tools-for-stm32.12.3.rel1.win32_1.0.200.202406191623/tools/bin/../lib/gcc/arm-none-eabi/12.3.1/../../../../arm-none-eabi/lib/thumb/v7e-m+fp/hard\libc_nano.a(libc_a-fwalk.o)
 .ARM.attributes
                0x00000487       0x34 C:/ST/STM32CubeIDE_1.16.1/STM32CubeIDE/plugins/com.st.stm32cube.ide.mcu.externaltools.gnu-tools-for-stm32.12.3.rel1.win32_1.0.200.202406191623/tools/bin/../lib/gcc/arm-none-eabi/12.3.1/../../../../arm-none-eabi/lib/thumb/v7e-m+fp/hard\libc_nano.a(libc_a-printf.o)
 .ARM.attributes
                0x000004bb       0x34 C:/ST/STM32CubeIDE_1.16.1/STM32CubeIDE/plugins/com.st.stm32cube.ide.mcu.externaltools.gnu-tools-for-stm32.12.3.rel1.win32_1.0.200.202406191623/tools/bin/../lib/gcc/arm-none-eabi/12.3.1/../../../../arm-none-eabi/lib/thumb/v7e-m+fp/hard\libc_nano.a(libc_a-stdio.o)
 .ARM.attributes
                0x000004ef       0x34 C:/ST/STM32CubeIDE_1.16.1/STM32CubeIDE/plugins/com.st.stm32cube.ide.mcu.externaltools.gnu-tools-for-stm32.12.3.rel1.win32_1.0.200.202406191623/tools/bin/../lib/gcc/arm-none-eabi/12.3.1/../../../../arm-none-eabi/lib/thumb/v7e-m+fp/hard\libc_nano.a(libc_a-memset.o)
 .ARM.attributes
                0x00000523       0x34 C:/ST/STM32CubeIDE_1.16.1/STM32CubeIDE/plugins/com.st.stm32cube.ide.mcu.externaltools.gnu-tools-for-stm32.12.3.rel1.win32_1.0.200.202406191623/tools/bin/../lib/gcc/arm-none-eabi/12.3.1/../../../../arm-none-eabi/lib/thumb/v7e-m+fp/hard\libc_nano.a(libc_a-closer.o)
 .ARM.attributes
                0x00000557       0x34 C:/ST/STM32CubeIDE_1.16.1/STM32CubeIDE/plugins/com.st.stm32cube.ide.mcu.externaltools.gnu-tools-for-stm32.12.3.rel1.win32_1.0.200.202406191623/tools/bin/../lib/gcc/arm-none-eabi/12.3.1/../../../../arm-none-eabi/lib/thumb/v7e-m+fp/hard\libc_nano.a(libc_a-reent.o)
 .ARM.attributes
                0x0000058b       0x34 C:/ST/STM32CubeIDE_1.16.1/STM32CubeIDE/plugins/com.st.stm32cube.ide.mcu.externaltools.gnu-tools-for-stm32.12.3.rel1.win32_1.0.200.202406191623/tools/bin/../lib/gcc/arm-none-eabi/12.3.1/../../../../arm-none-eabi/lib/thumb/v7e-m+fp/hard\libc_nano.a(libc_a-impure.o)
 .ARM.attributes
                0x000005bf       0x34 C:/ST/STM32CubeIDE_1.16.1/STM32CubeIDE/plugins/com.st.stm32cube.ide.mcu.externaltools.gnu-tools-for-stm32.12.3.rel1.win32_1.0.200.202406191623/tools/bin/../lib/gcc/arm-none-eabi/12.3.1/../../../../arm-none-eabi/lib/thumb/v7e-m+fp/hard\libc_nano.a(libc_a-lseekr.o)
 .ARM.attributes
                0x000005f3       0x34 C:/ST/STM32CubeIDE_1.16.1/STM32CubeIDE/plugins/com.st.stm32cube.ide.mcu.externaltools.gnu-tools-for-stm32.12.3.rel1.win32_1.0.200.202406191623/tools/bin/../lib/gcc/arm-none-eabi/12.3.1/../../../../arm-none-eabi/lib/thumb/v7e-m+fp/hard\libc_nano.a(libc_a-readr.o)
 .ARM.attributes
                0x00000627       0x34 C:/ST/STM32CubeIDE_1.16.1/STM32CubeIDE/plugins/com.st.stm32cube.ide.mcu.externaltools.gnu-tools-for-stm32.12.3.rel1.win32_1.0.200.202406191623/tools/bin/../lib/gcc/arm-none-eabi/12.3.1/../../../../arm-none-eabi/lib/thumb/v7e-m+fp/hard\libc_nano.a(libc_a-writer.o)
 .ARM.attributes
                0x0000065b       0x34 C:/ST/STM32CubeIDE_1.16.1/STM32CubeIDE/plugins/com.st.stm32cube.ide.mcu.externaltools.gnu-tools-for-stm32.12.3.rel1.win32_1.0.200.202406191623/tools/bin/../lib/gcc/arm-none-eabi/12.3.1/../../../../arm-none-eabi/lib/thumb/v7e-m+fp/hard\libc_nano.a(libc_a-errno.o)
 .ARM.attributes
                0x0000068f       0x34 C:/ST/STM32CubeIDE_1.16.1/STM32CubeIDE/plugins/com.st.stm32cube.ide.mcu.externaltools.gnu-tools-for-stm32.12.3.rel1.win32_1.0.200.202406191623/tools/bin/../lib/gcc/arm-none-eabi/12.3.1/../../../../arm-none-eabi/lib/thumb/v7e-m+fp/hard\libc_nano.a(libc_a-init.o)
 .ARM.attributes
                0x000006c3       0x34 C:/ST/STM32CubeIDE_1.16.1/STM32CubeIDE/plugins/com.st.stm32cube.ide.mcu.externaltools.gnu-tools-for-stm32.12.3.rel1.win32_1.0.200.202406191623/tools/bin/../lib/gcc/arm-none-eabi/12.3.1/../../../../arm-none-eabi/lib/thumb/v7e-m+fp/hard\libc_nano.a(libc_a-lock.o)
 .ARM.attributes
                0x000006f7       0x34 C:/ST/STM32CubeIDE_1.16.1/STM32CubeIDE/plugins/com.st.stm32cube.ide.mcu.externaltools.gnu-tools-for-stm32.12.3.rel1.win32_1.0.200.202406191623/tools/bin/../lib/gcc/arm-none-eabi/12.3.1/../../../../arm-none-eabi/lib/thumb/v7e-m+fp/hard\libc_nano.a(libc_a-freer.o)
 .ARM.attributes
                0x0000072b       0x34 C:/ST/STM32CubeIDE_1.16.1/STM32CubeIDE/plugins/com.st.stm32cube.ide.mcu.externaltools.gnu-tools-for-stm32.12.3.rel1.win32_1.0.200.202406191623/tools/bin/../lib/gcc/arm-none-eabi/12.3.1/../../../../arm-none-eabi/lib/thumb/v7e-m+fp/hard\libc_nano.a(libc_a-mallocr.o)
 .ARM.attributes
                0x0000075f       0x34 C:/ST/STM32CubeIDE_1.16.1/STM32CubeIDE/plugins/com.st.stm32cube.ide.mcu.externaltools.gnu-tools-for-stm32.12.3.rel1.win32_1.0.200.202406191623/tools/bin/../lib/gcc/arm-none-eabi/12.3.1/../../../../arm-none-eabi/lib/thumb/v7e-m+fp/hard\libc_nano.a(libc_a-mlock.o)
 .ARM.attributes
                0x00000793       0x34 C:/ST/STM32CubeIDE_1.16.1/STM32CubeIDE/plugins/com.st.stm32cube.ide.mcu.externaltools.gnu-tools-for-stm32.12.3.rel1.win32_1.0.200.202406191623/tools/bin/../lib/gcc/arm-none-eabi/12.3.1/../../../../arm-none-eabi/lib/thumb/v7e-m+fp/hard\libc_nano.a(libc_a-nano-vfprintf.o)
 .ARM.attributes
                0x000007c7       0x34 C:/ST/STM32CubeIDE_1.16.1/STM32CubeIDE/plugins/com.st.stm32cube.ide.mcu.externaltools.gnu-tools-for-stm32.12.3.rel1.win32_1.0.200.202406191623/tools/bin/../lib/gcc/arm-none-eabi/12.3.1/../../../../arm-none-eabi/lib/thumb/v7e-m+fp/hard\libc_nano.a(libc_a-nano-vfprintf_i.o)
 .ARM.attributes
                0x000007fb       0x34 C:/ST/STM32CubeIDE_1.16.1/STM32CubeIDE/plugins/com.st.stm32cube.ide.mcu.externaltools.gnu-tools-for-stm32.12.3.rel1.win32_1.0.200.202406191623/tools/bin/../lib/gcc/arm-none-eabi/12.3.1/../../../../arm-none-eabi/lib/thumb/v7e-m+fp/hard\libc_nano.a(libc_a-fflush.o)
 .ARM.attributes
                0x0000082f       0x34 C:/ST/STM32CubeIDE_1.16.1/STM32CubeIDE/plugins/com.st.stm32cube.ide.mcu.externaltools.gnu-tools-for-stm32.12.3.rel1.win32_1.0.200.202406191623/tools/bin/../lib/gcc/arm-none-eabi/12.3.1/../../../../arm-none-eabi/lib/thumb/v7e-m+fp/hard\libc_nano.a(libc_a-wbuf.o)
 .ARM.attributes
                0x00000863       0x34 C:/ST/STM32CubeIDE_1.16.1/STM32CubeIDE/plugins/com.st.stm32cube.ide.mcu.externaltools.gnu-tools-for-stm32.12.3.rel1.win32_1.0.200.202406191623/tools/bin/../lib/gcc/arm-none-eabi/12.3.1/../../../../arm-none-eabi/lib/thumb/v7e-m+fp/hard\libc_nano.a(libc_a-wsetup.o)
 .ARM.attributes
                0x00000897       0x34 C:/ST/STM32CubeIDE_1.16.1/STM32CubeIDE/plugins/com.st.stm32cube.ide.mcu.externaltools.gnu-tools-for-stm32.12.3.rel1.win32_1.0.200.202406191623/tools/bin/../lib/gcc/arm-none-eabi/12.3.1/../../../../arm-none-eabi/lib/thumb/v7e-m+fp/hard\libc_nano.a(libc_a-sbrkr.o)
 .ARM.attributes
                0x000008cb       0x1c C:/ST/STM32CubeIDE_1.16.1/STM32CubeIDE/plugins/com.st.stm32cube.ide.mcu.externaltools.gnu-tools-for-stm32.12.3.rel1.win32_1.0.200.202406191623/tools/bin/../lib/gcc/arm-none-eabi/12.3.1/../../../../arm-none-eabi/lib/thumb/v7e-m+fp/hard\libc_nano.a(libc_a-memchr.o)
 .ARM.attributes
                0x000008e7       0x34 C:/ST/STM32CubeIDE_1.16.1/STM32CubeIDE/plugins/com.st.stm32cube.ide.mcu.externaltools.gnu-tools-for-stm32.12.3.rel1.win32_1.0.200.202406191623/tools/bin/../lib/gcc/arm-none-eabi/12.3.1/../../../../arm-none-eabi/lib/thumb/v7e-m+fp/hard\libc_nano.a(libc_a-makebuf.o)
 .ARM.attributes
                0x0000091b       0x34 C:/ST/STM32CubeIDE_1.16.1/STM32CubeIDE/plugins/com.st.stm32cube.ide.mcu.externaltools.gnu-tools-for-stm32.12.3.rel1.win32_1.0.200.202406191623/tools/bin/../lib/gcc/arm-none-eabi/12.3.1/../../../../arm-none-eabi/lib/thumb/v7e-m+fp/hard\libc_nano.a(libc_a-fstatr.o)
 .ARM.attributes
                0x0000094f       0x34 C:/ST/STM32CubeIDE_1.16.1/STM32CubeIDE/plugins/com.st.stm32cube.ide.mcu.externaltools.gnu-tools-for-stm32.12.3.rel1.win32_1.0.200.202406191623/tools/bin/../lib/gcc/arm-none-eabi/12.3.1/../../../../arm-none-eabi/lib/thumb/v7e-m+fp/hard\libc_nano.a(libc_a-isattyr.o)
 .ARM.attributes
                0x00000983       0x22 C:/ST/STM32CubeIDE_1.16.1/STM32CubeIDE/plugins/com.st.stm32cube.ide.mcu.externaltools.gnu-tools-for-stm32.12.3.rel1.win32_1.0.200.202406191623/tools/bin/../lib/gcc/arm-none-eabi/12.3.1/thumb/v7e-m+fp/hard\libgcc.a(_aeabi_uldivmod.o)
 .ARM.attributes
                0x000009a5       0x34 C:/ST/STM32CubeIDE_1.16.1/STM32CubeIDE/plugins/com.st.stm32cube.ide.mcu.externaltools.gnu-tools-for-stm32.12.3.rel1.win32_1.0.200.202406191623/tools/bin/../lib/gcc/arm-none-eabi/12.3.1/thumb/v7e-m+fp/hard\libgcc.a(_udivmoddi4.o)
 .ARM.attributes
                0x000009d9       0x22 C:/ST/STM32CubeIDE_1.16.1/STM32CubeIDE/plugins/com.st.stm32cube.ide.mcu.externaltools.gnu-tools-for-stm32.12.3.rel1.win32_1.0.200.202406191623/tools/bin/../lib/gcc/arm-none-eabi/12.3.1/thumb/v7e-m+fp/hard\libgcc.a(_dvmd_tls.o)
 .ARM.attributes
                0x000009fb       0x22 C:/ST/STM32CubeIDE_1.16.1/STM32CubeIDE/plugins/com.st.stm32cube.ide.mcu.externaltools.gnu-tools-for-stm32.12.3.rel1.win32_1.0.200.202406191623/tools/bin/../lib/gcc/arm-none-eabi/12.3.1/thumb/v7e-m+fp/hard/crtn.o
OUTPUT(MEMS1_Sensor_TEMP.elf elf32-littlearm)
LOAD linker stubs
LOAD C:/ST/STM32CubeIDE_1.16.1/STM32CubeIDE/plugins/com.st.stm32cube.ide.mcu.externaltools.gnu-tools-for-stm32.12.3.rel1.win32_1.0.200.202406191623/tools/bin/../lib/gcc/arm-none-eabi/12.3.1/../../../../arm-none-eabi/lib/thumb/v7e-m+fp/hard\libc.a
LOAD C:/ST/STM32CubeIDE_1.16.1/STM32CubeIDE/plugins/com.st.stm32cube.ide.mcu.externaltools.gnu-tools-for-stm32.12.3.rel1.win32_1.0.200.202406191623/tools/bin/../lib/gcc/arm-none-eabi/12.3.1/../../../../arm-none-eabi/lib/thumb/v7e-m+fp/hard\libm.a
LOAD C:/ST/STM32CubeIDE_1.16.1/STM32CubeIDE/plugins/com.st.stm32cube.ide.mcu.externaltools.gnu-tools-for-stm32.12.3.rel1.win32_1.0.200.202406191623/tools/bin/../lib/gcc/arm-none-eabi/12.3.1/thumb/v7e-m+fp/hard\libgcc.a

.debug_info     0x00000000    0x10bac
 .debug_info    0x00000000     0x1442 ./Core/Src/main.o
 .debug_info    0x00001442      0xd21 ./Core/Src/stm32l4xx_hal_msp.o
 .debug_info    0x00002163      0x14c ./Core/Src/stm32l4xx_it.o
 .debug_info    0x000022af      0x6a3 ./Core/Src/syscalls.o
 .debug_info    0x00002952      0x168 ./Core/Src/sysmem.o
 .debug_info    0x00002aba      0x5b1 ./Core/Src/system_stm32l4xx.o
 .debug_info    0x0000306b       0x30 ./Core/Startup/startup_stm32l475vgtx.o
 .debug_info    0x0000309b     0x113a ./Drivers/BSP/B-L475E-IOT01A2/b_l475e_iot01a2_bus.o
 .debug_info    0x000041d5      0xf28 ./Drivers/BSP/Components/hts221/hts221.o
 .debug_info    0x000050fd     0x11a9 ./Drivers/BSP/Components/hts221/hts221_reg.o
 .debug_info    0x000062a6      0xae5 ./Drivers/STM32L4xx_HAL_Driver/Src/stm32l4xx_hal.o
 .debug_info    0x00006d8b      0xd7b ./Drivers/STM32L4xx_HAL_Driver/Src/stm32l4xx_hal_cortex.o
 .debug_info    0x00007b06      0x757 ./Drivers/STM32L4xx_HAL_Driver/Src/stm32l4xx_hal_gpio.o
 .debug_info    0x0000825d     0x20d2 ./Drivers/STM32L4xx_HAL_Driver/Src/stm32l4xx_hal_i2c.o
 .debug_info    0x0000a32f      0x975 ./Drivers/STM32L4xx_HAL_Driver/Src/stm32l4xx_hal_i2c_ex.o
 .debug_info    0x0000aca4      0x97a ./Drivers/STM32L4xx_HAL_Driver/Src/stm32l4xx_hal_pwr_ex.o
 .debug_info    0x0000b61e      0xc14 ./Drivers/STM32L4xx_HAL_Driver/Src/stm32l4xx_hal_rcc.o
 .debug_info    0x0000c232      0xe11 ./Drivers/STM32L4xx_HAL_Driver/Src/stm32l4xx_hal_rcc_ex.o
 .debug_info    0x0000d043     0x3b69 ./Drivers/STM32L4xx_HAL_Driver/Src/stm32l4xx_hal_uart.o

.debug_abbrev   0x00000000     0x2579
 .debug_abbrev  0x00000000      0x2ea ./Core/Src/main.o
 .debug_abbrev  0x000002ea      0x1d2 ./Core/Src/stm32l4xx_hal_msp.o
 .debug_abbrev  0x000004bc       0xa0 ./Core/Src/stm32l4xx_it.o
 .debug_abbrev  0x0000055c      0x1b6 ./Core/Src/syscalls.o
 .debug_abbrev  0x00000712       0xbc ./Core/Src/sysmem.o
 .debug_abbrev  0x000007ce      0x11a ./Core/Src/system_stm32l4xx.o
 .debug_abbrev  0x000008e8       0x24 ./Core/Startup/startup_stm32l475vgtx.o
 .debug_abbrev  0x0000090c      0x299 ./Drivers/BSP/B-L475E-IOT01A2/b_l475e_iot01a2_bus.o
 .debug_abbrev  0x00000ba5      0x255 ./Drivers/BSP/Components/hts221/hts221.o
 .debug_abbrev  0x00000dfa      0x1f8 ./Drivers/BSP/Components/hts221/hts221_reg.o
 .debug_abbrev  0x00000ff2      0x242 ./Drivers/STM32L4xx_HAL_Driver/Src/stm32l4xx_hal.o
 .debug_abbrev  0x00001234      0x31c ./Drivers/STM32L4xx_HAL_Driver/Src/stm32l4xx_hal_cortex.o
 .debug_abbrev  0x00001550      0x1cb ./Drivers/STM32L4xx_HAL_Driver/Src/stm32l4xx_hal_gpio.o
 .debug_abbrev  0x0000171b      0x261 ./Drivers/STM32L4xx_HAL_Driver/Src/stm32l4xx_hal_i2c.o
 .debug_abbrev  0x0000197c      0x1c3 ./Drivers/STM32L4xx_HAL_Driver/Src/stm32l4xx_hal_i2c_ex.o
 .debug_abbrev  0x00001b3f      0x1f9 ./Drivers/STM32L4xx_HAL_Driver/Src/stm32l4xx_hal_pwr_ex.o
 .debug_abbrev  0x00001d38      0x2cb ./Drivers/STM32L4xx_HAL_Driver/Src/stm32l4xx_hal_rcc.o
 .debug_abbrev  0x00002003      0x2a6 ./Drivers/STM32L4xx_HAL_Driver/Src/stm32l4xx_hal_rcc_ex.o
 .debug_abbrev  0x000022a9      0x2d0 ./Drivers/STM32L4xx_HAL_Driver/Src/stm32l4xx_hal_uart.o

.debug_aranges  0x00000000      0xf28
 .debug_aranges
                0x00000000       0x50 ./Core/Src/main.o
 .debug_aranges
                0x00000050       0x30 ./Core/Src/stm32l4xx_hal_msp.o
 .debug_aranges
                0x00000080       0x68 ./Core/Src/stm32l4xx_it.o
 .debug_aranges
                0x000000e8       0xa8 ./Core/Src/syscalls.o
 .debug_aranges
                0x00000190       0x20 ./Core/Src/sysmem.o
 .debug_aranges
                0x000001b0       0x28 ./Core/Src/system_stm32l4xx.o
 .debug_aranges
                0x000001d8       0x28 ./Core/Startup/startup_stm32l475vgtx.o
 .debug_aranges
                0x00000200       0x80 ./Drivers/BSP/B-L475E-IOT01A2/b_l475e_iot01a2_bus.o
 .debug_aranges
                0x00000280      0x100 ./Drivers/BSP/Components/hts221/hts221.o
 .debug_aranges
                0x00000380      0x148 ./Drivers/BSP/Components/hts221/hts221_reg.o
 .debug_aranges
                0x000004c8      0x130 ./Drivers/STM32L4xx_HAL_Driver/Src/stm32l4xx_hal.o
 .debug_aranges
                0x000005f8      0x128 ./Drivers/STM32L4xx_HAL_Driver/Src/stm32l4xx_hal_cortex.o
 .debug_aranges
                0x00000720       0x58 ./Drivers/STM32L4xx_HAL_Driver/Src/stm32l4xx_hal_gpio.o
 .debug_aranges
                0x00000778      0x2a0 ./Drivers/STM32L4xx_HAL_Driver/Src/stm32l4xx_hal_i2c.o
 .debug_aranges
                0x00000a18       0x48 ./Drivers/STM32L4xx_HAL_Driver/Src/stm32l4xx_hal_i2c_ex.o
 .debug_aranges
                0x00000a60      0x150 ./Drivers/STM32L4xx_HAL_Driver/Src/stm32l4xx_hal_pwr_ex.o
 .debug_aranges
                0x00000bb0       0x90 ./Drivers/STM32L4xx_HAL_Driver/Src/stm32l4xx_hal_rcc.o
 .debug_aranges
                0x00000c40       0xc0 ./Drivers/STM32L4xx_HAL_Driver/Src/stm32l4xx_hal_rcc_ex.o
 .debug_aranges
                0x00000d00      0x228 ./Drivers/STM32L4xx_HAL_Driver/Src/stm32l4xx_hal_uart.o

.debug_rnglists
                0x00000000      0xba0
 .debug_rnglists
                0x00000000       0x3a ./Core/Src/main.o
 .debug_rnglists
                0x0000003a       0x20 ./Core/Src/stm32l4xx_hal_msp.o
 .debug_rnglists
                0x0000005a       0x49 ./Core/Src/stm32l4xx_it.o
 .debug_rnglists
                0x000000a3       0x79 ./Core/Src/syscalls.o
 .debug_rnglists
                0x0000011c       0x13 ./Core/Src/sysmem.o
 .debug_rnglists
                0x0000012f       0x1a ./Core/Src/system_stm32l4xx.o
 .debug_rnglists
                0x00000149       0x19 ./Core/Startup/startup_stm32l475vgtx.o
 .debug_rnglists
                0x00000162       0x5d ./Drivers/BSP/B-L475E-IOT01A2/b_l475e_iot01a2_bus.o
 .debug_rnglists
                0x000001bf       0xbf ./Drivers/BSP/Components/hts221/hts221.o
 .debug_rnglists
                0x0000027e       0xf3 ./Drivers/BSP/Components/hts221/hts221_reg.o
 .debug_rnglists
                0x00000371       0xdf ./Drivers/STM32L4xx_HAL_Driver/Src/stm32l4xx_hal.o
 .debug_rnglists
                0x00000450       0xda ./Drivers/STM32L4xx_HAL_Driver/Src/stm32l4xx_hal_cortex.o
 .debug_rnglists
                0x0000052a       0x3f ./Drivers/STM32L4xx_HAL_Driver/Src/stm32l4xx_hal_gpio.o
 .debug_rnglists
                0x00000569      0x228 ./Drivers/STM32L4xx_HAL_Driver/Src/stm32l4xx_hal_i2c.o
 .debug_rnglists
                0x00000791       0x35 ./Drivers/STM32L4xx_HAL_Driver/Src/stm32l4xx_hal_i2c_ex.o
 .debug_rnglists
                0x000007c6       0xfd ./Drivers/STM32L4xx_HAL_Driver/Src/stm32l4xx_hal_pwr_ex.o
 .debug_rnglists
                0x000008c3       0x6d ./Drivers/STM32L4xx_HAL_Driver/Src/stm32l4xx_hal_rcc.o
 .debug_rnglists
                0x00000930       0x95 ./Drivers/STM32L4xx_HAL_Driver/Src/stm32l4xx_hal_rcc_ex.o
 .debug_rnglists
                0x000009c5      0x1db ./Drivers/STM32L4xx_HAL_Driver/Src/stm32l4xx_hal_uart.o

.debug_macro    0x00000000    0x27751
 .debug_macro   0x00000000      0x332 ./Core/Src/main.o
 .debug_macro   0x00000332      0xab4 ./Core/Src/main.o
 .debug_macro   0x00000de6      0x1a7 ./Core/Src/main.o
 .debug_macro   0x00000f8d       0x2e ./Core/Src/main.o
 .debug_macro   0x00000fbb       0x28 ./Core/Src/main.o
 .debug_macro   0x00000fe3       0x22 ./Core/Src/main.o
 .debug_macro   0x00001005       0x8e ./Core/Src/main.o
 .debug_macro   0x00001093       0x51 ./Core/Src/main.o
 .debug_macro   0x000010e4      0x103 ./Core/Src/main.o
 .debug_macro   0x000011e7       0x6a ./Core/Src/main.o
 .debug_macro   0x00001251      0x1df ./Core/Src/main.o
 .debug_macro   0x00001430       0x1c ./Core/Src/main.o
 .debug_macro   0x0000144c       0x22 ./Core/Src/main.o
 .debug_macro   0x0000146e       0xfb ./Core/Src/main.o
 .debug_macro   0x00001569     0x1011 ./Core/Src/main.o
 .debug_macro   0x0000257a      0x11f ./Core/Src/main.o
 .debug_macro   0x00002699    0x19dc7 ./Core/Src/main.o
 .debug_macro   0x0001c460       0x6d ./Core/Src/main.o
 .debug_macro   0x0001c4cd     0x38fb ./Core/Src/main.o
 .debug_macro   0x0001fdc8      0x189 ./Core/Src/main.o
 .debug_macro   0x0001ff51       0x5c ./Core/Src/main.o
 .debug_macro   0x0001ffad     0x1558 ./Core/Src/main.o
 .debug_macro   0x00021505      0x5a5 ./Core/Src/main.o
 .debug_macro   0x00021aaa      0x1b9 ./Core/Src/main.o
 .debug_macro   0x00021c63      0x17d ./Core/Src/main.o
 .debug_macro   0x00021de0      0x26b ./Core/Src/main.o
 .debug_macro   0x0002204b      0x23d ./Core/Src/main.o
 .debug_macro   0x00022288      0x241 ./Core/Src/main.o
 .debug_macro   0x000224c9      0x37c ./Core/Src/main.o
 .debug_macro   0x00022845       0xd6 ./Core/Src/main.o
 .debug_macro   0x0002291b      0x22c ./Core/Src/main.o
 .debug_macro   0x00022b47       0x61 ./Core/Src/main.o
 .debug_macro   0x00022ba8       0xa5 ./Core/Src/main.o
 .debug_macro   0x00022c4d      0x122 ./Core/Src/main.o
 .debug_macro   0x00022d6f      0x3e8 ./Core/Src/main.o
 .debug_macro   0x00023157      0x5cf ./Core/Src/main.o
 .debug_macro   0x00023726       0x44 ./Core/Src/main.o
 .debug_macro   0x0002376a      0x330 ./Core/Src/main.o
 .debug_macro   0x00023a9a      0x283 ./Core/Src/main.o
 .debug_macro   0x00023d1d       0x61 ./Core/Src/main.o
 .debug_macro   0x00023d7e       0x2a ./Core/Src/main.o
 .debug_macro   0x00023da8       0x43 ./Core/Src/main.o
 .debug_macro   0x00023deb       0x34 ./Core/Src/main.o
 .debug_macro   0x00023e1f       0x16 ./Core/Src/main.o
 .debug_macro   0x00023e35       0x35 ./Core/Src/main.o
 .debug_macro   0x00023e6a      0x369 ./Core/Src/main.o
 .debug_macro   0x000241d3       0x10 ./Core/Src/main.o
 .debug_macro   0x000241e3       0x16 ./Core/Src/main.o
 .debug_macro   0x000241f9       0x43 ./Core/Src/main.o
 .debug_macro   0x0002423c       0x34 ./Core/Src/main.o
 .debug_macro   0x00024270       0x10 ./Core/Src/main.o
 .debug_macro   0x00024280       0x58 ./Core/Src/main.o
 .debug_macro   0x000242d8       0x8e ./Core/Src/main.o
 .debug_macro   0x00024366       0x1c ./Core/Src/main.o
 .debug_macro   0x00024382      0x177 ./Core/Src/main.o
 .debug_macro   0x000244f9       0x16 ./Core/Src/main.o
 .debug_macro   0x0002450f       0x16 ./Core/Src/main.o
 .debug_macro   0x00024525      0x146 ./Core/Src/main.o
 .debug_macro   0x0002466b       0x2e ./Core/Src/main.o
 .debug_macro   0x00024699       0x82 ./Core/Src/main.o
 .debug_macro   0x0002471b       0x52 ./Core/Src/main.o
 .debug_macro   0x0002476d      0x19b ./Core/Src/main.o
 .debug_macro   0x00024908       0xde ./Core/Src/main.o
 .debug_macro   0x000249e6       0x16 ./Core/Src/main.o
 .debug_macro   0x000249fc       0x20 ./Core/Src/main.o
 .debug_macro   0x00024a1c       0x20 ./Core/Src/main.o
 .debug_macro   0x00024a3c      0x1d4 ./Core/Src/stm32l4xx_hal_msp.o
 .debug_macro   0x00024c10      0x1de ./Core/Src/stm32l4xx_it.o
 .debug_macro   0x00024dee      0x274 ./Core/Src/syscalls.o
 .debug_macro   0x00025062       0x5b ./Core/Src/syscalls.o
 .debug_macro   0x000250bd       0x94 ./Core/Src/syscalls.o
 .debug_macro   0x00025151       0x57 ./Core/Src/syscalls.o
 .debug_macro   0x000251a8       0x10 ./Core/Src/syscalls.o
 .debug_macro   0x000251b8       0x10 ./Core/Src/syscalls.o
 .debug_macro   0x000251c8       0x10 ./Core/Src/syscalls.o
 .debug_macro   0x000251d8       0x10 ./Core/Src/syscalls.o
 .debug_macro   0x000251e8       0x1c ./Core/Src/syscalls.o
 .debug_macro   0x00025204       0x52 ./Core/Src/syscalls.o
 .debug_macro   0x00025256       0x22 ./Core/Src/syscalls.o
 .debug_macro   0x00025278       0x10 ./Core/Src/syscalls.o
 .debug_macro   0x00025288       0x52 ./Core/Src/syscalls.o
 .debug_macro   0x000252da       0xcf ./Core/Src/syscalls.o
 .debug_macro   0x000253a9       0x1c ./Core/Src/syscalls.o
 .debug_macro   0x000253c5       0x3d ./Core/Src/syscalls.o
 .debug_macro   0x00025402       0x35 ./Core/Src/syscalls.o
 .debug_macro   0x00025437      0x12c ./Core/Src/syscalls.o
 .debug_macro   0x00025563       0x16 ./Core/Src/syscalls.o
 .debug_macro   0x00025579       0x16 ./Core/Src/syscalls.o
 .debug_macro   0x0002558f       0x29 ./Core/Src/syscalls.o
 .debug_macro   0x000255b8       0x10 ./Core/Src/syscalls.o
 .debug_macro   0x000255c8      0x242 ./Core/Src/syscalls.o
 .debug_macro   0x0002580a       0x1c ./Core/Src/syscalls.o
 .debug_macro   0x00025826       0x10 ./Core/Src/syscalls.o
 .debug_macro   0x00025836      0x18a ./Core/Src/syscalls.o
 .debug_macro   0x000259c0       0x16 ./Core/Src/syscalls.o
 .debug_macro   0x000259d6       0xce ./Core/Src/syscalls.o
 .debug_macro   0x00025aa4       0xff ./Core/Src/sysmem.o
 .debug_macro   0x00025ba3      0x23c ./Core/Src/sysmem.o
 .debug_macro   0x00025ddf      0x1c5 ./Core/Src/system_stm32l4xx.o
 .debug_macro   0x00025fa4      0x240 ./Drivers/BSP/B-L475E-IOT01A2/b_l475e_iot01a2_bus.o
 .debug_macro   0x000261e4       0x28 ./Drivers/BSP/B-L475E-IOT01A2/b_l475e_iot01a2_bus.o
 .debug_macro   0x0002620c      0x165 ./Drivers/BSP/Components/hts221/hts221.o
 .debug_macro   0x00026371       0xe5 ./Drivers/BSP/Components/hts221/hts221.o
 .debug_macro   0x00026456      0x126 ./Drivers/BSP/Components/hts221/hts221_reg.o
 .debug_macro   0x0002657c      0x213 ./Drivers/STM32L4xx_HAL_Driver/Src/stm32l4xx_hal.o
 .debug_macro   0x0002678f      0x1c5 ./Drivers/STM32L4xx_HAL_Driver/Src/stm32l4xx_hal_cortex.o
 .debug_macro   0x00026954      0x1cc ./Drivers/STM32L4xx_HAL_Driver/Src/stm32l4xx_hal_gpio.o
 .debug_macro   0x00026b20      0x291 ./Drivers/STM32L4xx_HAL_Driver/Src/stm32l4xx_hal_i2c.o
 .debug_macro   0x00026db1      0x1c5 ./Drivers/STM32L4xx_HAL_Driver/Src/stm32l4xx_hal_i2c_ex.o
 .debug_macro   0x00026f76      0x1e9 ./Drivers/STM32L4xx_HAL_Driver/Src/stm32l4xx_hal_pwr_ex.o
 .debug_macro   0x0002715f      0x207 ./Drivers/STM32L4xx_HAL_Driver/Src/stm32l4xx_hal_rcc.o
 .debug_macro   0x00027366      0x1fb ./Drivers/STM32L4xx_HAL_Driver/Src/stm32l4xx_hal_rcc_ex.o
 .debug_macro   0x00027561      0x1f0 ./Drivers/STM32L4xx_HAL_Driver/Src/stm32l4xx_hal_uart.o

.debug_line     0x00000000    0x11ed3
 .debug_line    0x00000000      0xae4 ./Core/Src/main.o
 .debug_line    0x00000ae4      0x7af ./Core/Src/stm32l4xx_hal_msp.o
 .debug_line    0x00001293      0x82a ./Core/Src/stm32l4xx_it.o
 .debug_line    0x00001abd      0x8b2 ./Core/Src/syscalls.o
 .debug_line    0x0000236f      0x583 ./Core/Src/sysmem.o
 .debug_line    0x000028f2      0x7ea ./Core/Src/system_stm32l4xx.o
 .debug_line    0x000030dc       0x7a ./Core/Startup/startup_stm32l475vgtx.o
 .debug_line    0x00003156      0x9fa ./Drivers/BSP/B-L475E-IOT01A2/b_l475e_iot01a2_bus.o
 .debug_line    0x00003b50      0xb75 ./Drivers/BSP/Components/hts221/hts221.o
 .debug_line    0x000046c5      0xbb9 ./Drivers/BSP/Components/hts221/hts221_reg.o
 .debug_line    0x0000527e      0xb45 ./Drivers/STM32L4xx_HAL_Driver/Src/stm32l4xx_hal.o
 .debug_line    0x00005dc3      0xd0e ./Drivers/STM32L4xx_HAL_Driver/Src/stm32l4xx_hal_cortex.o
 .debug_line    0x00006ad1      0xbd1 ./Drivers/STM32L4xx_HAL_Driver/Src/stm32l4xx_hal_gpio.o
 .debug_line    0x000076a2     0x3a78 ./Drivers/STM32L4xx_HAL_Driver/Src/stm32l4xx_hal_i2c.o
 .debug_line    0x0000b11a      0x96d ./Drivers/STM32L4xx_HAL_Driver/Src/stm32l4xx_hal_i2c_ex.o
 .debug_line    0x0000ba87      0xd07 ./Drivers/STM32L4xx_HAL_Driver/Src/stm32l4xx_hal_pwr_ex.o
 .debug_line    0x0000c78e      0xfbe ./Drivers/STM32L4xx_HAL_Driver/Src/stm32l4xx_hal_rcc.o
 .debug_line    0x0000d74c     0x1530 ./Drivers/STM32L4xx_HAL_Driver/Src/stm32l4xx_hal_rcc_ex.o
 .debug_line    0x0000ec7c     0x3257 ./Drivers/STM32L4xx_HAL_Driver/Src/stm32l4xx_hal_uart.o

.debug_str      0x00000000    0xed7db
 .debug_str     0x00000000    0xe753b ./Core/Src/main.o
                              0xe7964 (size before relaxing)
 .debug_str     0x000e753b      0x2da ./Core/Src/stm32l4xx_hal_msp.o
                              0xe2a26 (size before relaxing)
 .debug_str     0x000e7815       0xf7 ./Core/Src/stm32l4xx_it.o
                              0xe21ca (size before relaxing)
 .debug_str     0x000e790c     0x20a6 ./Core/Src/syscalls.o
                               0x98bf (size before relaxing)
 .debug_str     0x000e99b2       0x6b ./Core/Src/sysmem.o
                               0x60d7 (size before relaxing)
 .debug_str     0x000e9a1d       0xf2 ./Core/Src/system_stm32l4xx.o
                              0xe17d8 (size before relaxing)
 .debug_str     0x000e9b0f       0x44 ./Core/Startup/startup_stm32l475vgtx.o
                                 0x8a (size before relaxing)
 .debug_str     0x000e9b53      0x50f ./Drivers/BSP/B-L475E-IOT01A2/b_l475e_iot01a2_bus.o
                              0xe27a8 (size before relaxing)
 .debug_str     0x000ea062      0x581 ./Drivers/BSP/Components/hts221/hts221.o
                               0x862c (size before relaxing)
 .debug_str     0x000ea5e3      0x45d ./Drivers/BSP/Components/hts221/hts221_reg.o
                               0x8430 (size before relaxing)
 .debug_str     0x000eaa40      0x62f ./Drivers/STM32L4xx_HAL_Driver/Src/stm32l4xx_hal.o
                              0xe2362 (size before relaxing)
 .debug_str     0x000eb06f      0x35f ./Drivers/STM32L4xx_HAL_Driver/Src/stm32l4xx_hal_cortex.o
                              0xe2048 (size before relaxing)
 .debug_str     0x000eb3ce      0x10a ./Drivers/STM32L4xx_HAL_Driver/Src/stm32l4xx_hal_gpio.o
                              0xe1951 (size before relaxing)
 .debug_str     0x000eb4d8      0xd88 ./Drivers/STM32L4xx_HAL_Driver/Src/stm32l4xx_hal_i2c.o
                              0xe29d9 (size before relaxing)
 .debug_str     0x000ec260       0xb8 ./Drivers/STM32L4xx_HAL_Driver/Src/stm32l4xx_hal_i2c_ex.o
                              0xe1ce5 (size before relaxing)
 .debug_str     0x000ec318      0x4a8 ./Drivers/STM32L4xx_HAL_Driver/Src/stm32l4xx_hal_pwr_ex.o
                              0xe1cf8 (size before relaxing)
 .debug_str     0x000ec7c0      0x3a1 ./Drivers/STM32L4xx_HAL_Driver/Src/stm32l4xx_hal_rcc.o
                              0xe1e1e (size before relaxing)
 .debug_str     0x000ecb61      0x3bf ./Drivers/STM32L4xx_HAL_Driver/Src/stm32l4xx_hal_rcc_ex.o
                              0xe1f97 (size before relaxing)
 .debug_str     0x000ecf20      0x8bb ./Drivers/STM32L4xx_HAL_Driver/Src/stm32l4xx_hal_uart.o
                              0xe2530 (size before relaxing)

.comment        0x00000000       0x43
 .comment       0x00000000       0x43 ./Core/Src/main.o
                                 0x44 (size before relaxing)
 .comment       0x00000043       0x44 ./Core/Src/stm32l4xx_hal_msp.o
 .comment       0x00000043       0x44 ./Core/Src/stm32l4xx_it.o
 .comment       0x00000043       0x44 ./Core/Src/syscalls.o
 .comment       0x00000043       0x44 ./Core/Src/sysmem.o
 .comment       0x00000043       0x44 ./Core/Src/system_stm32l4xx.o
 .comment       0x00000043       0x44 ./Drivers/BSP/B-L475E-IOT01A2/b_l475e_iot01a2_bus.o
 .comment       0x00000043       0x44 ./Drivers/BSP/Components/hts221/hts221.o
 .comment       0x00000043       0x44 ./Drivers/BSP/Components/hts221/hts221_reg.o
 .comment       0x00000043       0x44 ./Drivers/STM32L4xx_HAL_Driver/Src/stm32l4xx_hal.o
 .comment       0x00000043       0x44 ./Drivers/STM32L4xx_HAL_Driver/Src/stm32l4xx_hal_cortex.o
 .comment       0x00000043       0x44 ./Drivers/STM32L4xx_HAL_Driver/Src/stm32l4xx_hal_gpio.o
 .comment       0x00000043       0x44 ./Drivers/STM32L4xx_HAL_Driver/Src/stm32l4xx_hal_i2c.o
 .comment       0x00000043       0x44 ./Drivers/STM32L4xx_HAL_Driver/Src/stm32l4xx_hal_i2c_ex.o
 .comment       0x00000043       0x44 ./Drivers/STM32L4xx_HAL_Driver/Src/stm32l4xx_hal_pwr_ex.o
 .comment       0x00000043       0x44 ./Drivers/STM32L4xx_HAL_Driver/Src/stm32l4xx_hal_rcc.o